Archive member included to satisfy reference by file (symbol)

c:/st/stm32cubeide_1.6.0/stm32cubeide/plugins/com.st.stm32cube.ide.mcu.externaltools.gnu-tools-for-stm32.9-2020-q2-update.win32_1.5.0.202011040924/tools/bin/../lib/gcc/arm-none-eabi/9.3.1/../../../../arm-none-eabi/lib/thumb/v7e-m+fp/hard\libc_nano.a(lib_a-errno.o)
                              Core/Src/syscalls.o (__errno)
c:/st/stm32cubeide_1.6.0/stm32cubeide/plugins/com.st.stm32cube.ide.mcu.externaltools.gnu-tools-for-stm32.9-2020-q2-update.win32_1.5.0.202011040924/tools/bin/../lib/gcc/arm-none-eabi/9.3.1/../../../../arm-none-eabi/lib/thumb/v7e-m+fp/hard\libc_nano.a(lib_a-exit.o)
                              c:/st/stm32cubeide_1.6.0/stm32cubeide/plugins/com.st.stm32cube.ide.mcu.externaltools.gnu-tools-for-stm32.9-2020-q2-update.win32_1.5.0.202011040924/tools/bin/../lib/gcc/arm-none-eabi/9.3.1/../../../../arm-none-eabi/lib/thumb/v7e-m+fp/hard/crt0.o (exit)
c:/st/stm32cubeide_1.6.0/stm32cubeide/plugins/com.st.stm32cube.ide.mcu.externaltools.gnu-tools-for-stm32.9-2020-q2-update.win32_1.5.0.202011040924/tools/bin/../lib/gcc/arm-none-eabi/9.3.1/../../../../arm-none-eabi/lib/thumb/v7e-m+fp/hard\libc_nano.a(lib_a-impure.o)
                              c:/st/stm32cubeide_1.6.0/stm32cubeide/plugins/com.st.stm32cube.ide.mcu.externaltools.gnu-tools-for-stm32.9-2020-q2-update.win32_1.5.0.202011040924/tools/bin/../lib/gcc/arm-none-eabi/9.3.1/../../../../arm-none-eabi/lib/thumb/v7e-m+fp/hard\libc_nano.a(lib_a-exit.o) (_global_impure_ptr)
c:/st/stm32cubeide_1.6.0/stm32cubeide/plugins/com.st.stm32cube.ide.mcu.externaltools.gnu-tools-for-stm32.9-2020-q2-update.win32_1.5.0.202011040924/tools/bin/../lib/gcc/arm-none-eabi/9.3.1/../../../../arm-none-eabi/lib/thumb/v7e-m+fp/hard\libc_nano.a(lib_a-init.o)
                              c:/st/stm32cubeide_1.6.0/stm32cubeide/plugins/com.st.stm32cube.ide.mcu.externaltools.gnu-tools-for-stm32.9-2020-q2-update.win32_1.5.0.202011040924/tools/bin/../lib/gcc/arm-none-eabi/9.3.1/../../../../arm-none-eabi/lib/thumb/v7e-m+fp/hard/crt0.o (__libc_init_array)
c:/st/stm32cubeide_1.6.0/stm32cubeide/plugins/com.st.stm32cube.ide.mcu.externaltools.gnu-tools-for-stm32.9-2020-q2-update.win32_1.5.0.202011040924/tools/bin/../lib/gcc/arm-none-eabi/9.3.1/../../../../arm-none-eabi/lib/thumb/v7e-m+fp/hard\libc_nano.a(lib_a-memcpy-stub.o)
                              Core/Src/ssd1306.o (memcpy)
c:/st/stm32cubeide_1.6.0/stm32cubeide/plugins/com.st.stm32cube.ide.mcu.externaltools.gnu-tools-for-stm32.9-2020-q2-update.win32_1.5.0.202011040924/tools/bin/../lib/gcc/arm-none-eabi/9.3.1/../../../../arm-none-eabi/lib/thumb/v7e-m+fp/hard\libc_nano.a(lib_a-memmove.o)
                              Core/Src/ssd1306_tests.o (memmove)
c:/st/stm32cubeide_1.6.0/stm32cubeide/plugins/com.st.stm32cube.ide.mcu.externaltools.gnu-tools-for-stm32.9-2020-q2-update.win32_1.5.0.202011040924/tools/bin/../lib/gcc/arm-none-eabi/9.3.1/../../../../arm-none-eabi/lib/thumb/v7e-m+fp/hard\libc_nano.a(lib_a-memset.o)
                              c:/st/stm32cubeide_1.6.0/stm32cubeide/plugins/com.st.stm32cube.ide.mcu.externaltools.gnu-tools-for-stm32.9-2020-q2-update.win32_1.5.0.202011040924/tools/bin/../lib/gcc/arm-none-eabi/9.3.1/../../../../arm-none-eabi/lib/thumb/v7e-m+fp/hard/crt0.o (memset)
c:/st/stm32cubeide_1.6.0/stm32cubeide/plugins/com.st.stm32cube.ide.mcu.externaltools.gnu-tools-for-stm32.9-2020-q2-update.win32_1.5.0.202011040924/tools/bin/../lib/gcc/arm-none-eabi/9.3.1/../../../../arm-none-eabi/lib/thumb/v7e-m+fp/hard\libc_nano.a(lib_a-snprintf.o)
                              Core/Src/ssd1306_tests.o (snprintf)
c:/st/stm32cubeide_1.6.0/stm32cubeide/plugins/com.st.stm32cube.ide.mcu.externaltools.gnu-tools-for-stm32.9-2020-q2-update.win32_1.5.0.202011040924/tools/bin/../lib/gcc/arm-none-eabi/9.3.1/../../../../arm-none-eabi/lib/thumb/v7e-m+fp/hard\libc_nano.a(lib_a-sprintf.o)
                              Core/Src/main.o (sprintf)
c:/st/stm32cubeide_1.6.0/stm32cubeide/plugins/com.st.stm32cube.ide.mcu.externaltools.gnu-tools-for-stm32.9-2020-q2-update.win32_1.5.0.202011040924/tools/bin/../lib/gcc/arm-none-eabi/9.3.1/../../../../arm-none-eabi/lib/thumb/v7e-m+fp/hard\libc_nano.a(lib_a-nano-svfprintf.o)
                              c:/st/stm32cubeide_1.6.0/stm32cubeide/plugins/com.st.stm32cube.ide.mcu.externaltools.gnu-tools-for-stm32.9-2020-q2-update.win32_1.5.0.202011040924/tools/bin/../lib/gcc/arm-none-eabi/9.3.1/../../../../arm-none-eabi/lib/thumb/v7e-m+fp/hard\libc_nano.a(lib_a-snprintf.o) (_svfprintf_r)
c:/st/stm32cubeide_1.6.0/stm32cubeide/plugins/com.st.stm32cube.ide.mcu.externaltools.gnu-tools-for-stm32.9-2020-q2-update.win32_1.5.0.202011040924/tools/bin/../lib/gcc/arm-none-eabi/9.3.1/../../../../arm-none-eabi/lib/thumb/v7e-m+fp/hard\libc_nano.a(lib_a-nano-vfprintf_i.o)
[...]
Memory Configuration

Name             Origin             Length             Attributes
FLASH            0x0000000008000000 0x0000000000080000 xr
RAM1             0x0000000020000004 0x000000000002fffc xrw
RAM_SHARED       0x0000000020030000 0x0000000000002800 xrw
*default*        0x0000000000000000 0xffffffffffffffff

Linker script and memory map

LOAD c:/st/stm32cubeide_1.6.0/stm32cubeide/plugins/com.st.stm32cube.ide.mcu.externaltools.gnu-tools-for-stm32.9-2020-q2-update.win32_1.5.0.202011040924/tools/bin/../lib/gcc/arm-none-eabi/9.3.1/thumb/v7e-m+fp/hard/crti.o
LOAD c:/st/stm32cubeide_1.6.0/stm32cubeide/plugins/com.st.stm32cube.ide.mcu.externaltools.gnu-tools-for-stm32.9-2020-q2-update.win32_1.5.0.202011040924/tools/bin/../lib/gcc/arm-none-eabi/9.3.1/thumb/v7e-m+fp/hard/crtbegin.o
LOAD c:/st/stm32cubeide_1.6.0/stm32cubeide/plugins/com.st.stm32cube.ide.mcu.externaltools.gnu-tools-for-stm32.9-2020-q2-update.win32_1.5.0.202011040924/tools/bin/../lib/gcc/arm-none-eabi/9.3.1/../../../../arm-none-eabi/lib/thumb/v7e-m+fp/hard/crt0.o
LOAD Core/Src/lcd.o
LOAD Core/Src/main.o
LOAD Core/Src/mpu.o
LOAD Core/Src/ssd1306.o
LOAD Core/Src/ssd1306_fonts.o
LOAD Core/Src/ssd1306_tests.o
LOAD Core/Src/stm32wbxx_hal_msp.o
LOAD Core/Src/stm32wbxx_it.o
LOAD Core/Src/syscalls.o
LOAD Core/Src/sysmem.o
LOAD Core/Src/system_stm32wbxx.o
LOAD Core/Startup/startup_stm32wb55rgvx.o
LOAD Drivers/STM32WBxx_HAL_Driver/Src/stm32wbxx_hal.o
LOAD Drivers/STM32WBxx_HAL_Driver/Src/stm32wbxx_hal_cortex.o
LOAD Drivers/STM32WBxx_HAL_Driver/Src/stm32wbxx_hal_dma.o
LOAD Drivers/STM32WBxx_HAL_Driver/Src/stm32wbxx_hal_dma_ex.o
LOAD Drivers/STM32WBxx_HAL_Driver/Src/stm32wbxx_hal_exti.o
LOAD Drivers/STM32WBxx_HAL_Driver/Src/stm32wbxx_hal_flash.o
LOAD Drivers/STM32WBxx_HAL_Driver/Src/stm32wbxx_hal_flash_ex.o
LOAD Drivers/STM32WBxx_HAL_Driver/Src/stm32wbxx_hal_gpio.o
LOAD Drivers/STM32WBxx_HAL_Driver/Src/stm32wbxx_hal_hsem.o
LOAD Drivers/STM32WBxx_HAL_Driver/Src/stm32wbxx_hal_i2c.o
LOAD Drivers/STM32WBxx_HAL_Driver/Src/stm32wbxx_hal_i2c_ex.o
LOAD Drivers/STM32WBxx_HAL_Driver/Src/stm32wbxx_hal_pcd.o
LOAD Drivers/STM32WBxx_HAL_Driver/Src/stm32wbxx_hal_pcd_ex.o
LOAD Drivers/STM32WBxx_HAL_Driver/Src/stm32wbxx_hal_pwr.o
LOAD Drivers/STM32WBxx_HAL_Driver/Src/stm32wbxx_hal_pwr_ex.o
LOAD Drivers/STM32WBxx_HAL_Driver/Src/stm32wbxx_hal_rcc.o
LOAD Drivers/STM32WBxx_HAL_Driver/Src/stm32wbxx_hal_rcc_ex.o
LOAD Drivers/STM32WBxx_HAL_Driver/Src/stm32wbxx_hal_tim.o
LOAD Drivers/STM32WBxx_HAL_Driver/Src/stm32wbxx_hal_tim_ex.o
LOAD Drivers/STM32WBxx_HAL_Driver/Src/stm32wbxx_hal_uart.o
LOAD Drivers/STM32WBxx_HAL_Driver/Src/stm32wbxx_hal_uart_ex.o
LOAD Drivers/STM32WBxx_HAL_Driver/Src/stm32wbxx_ll_usb.o
START GROUP
LOAD c:/st/stm32cubeide_1.6.0/stm32cubeide/plugins/com.st.stm32cube.ide.mcu.externaltools.gnu-tools-for-stm32.9-2020-q2-update.win32_1.5.0.202011040924/tools/bin/../lib/gcc/arm-none-eabi/9.3.1/../../../../arm-none-eabi/lib/thumb/v7e-m+fp/hard\libc_nano.a
LOAD c:/st/stm32cubeide_1.6.0/stm32cubeide/plugins/com.st.stm32cube.ide.mcu.externaltools.gnu-tools-for-stm32.9-2020-q2-update.win32_1.5.0.202011040924/tools/bin/../lib/gcc/arm-none-eabi/9.3.1/../../../../arm-none-eabi/lib/thumb/v7e-m+fp/hard\libm.a
END GROUP
START GROUP
LOAD c:/st/stm32cubeide_1.6.0/stm32cubeide/plugins/com.st.stm32cube.ide.mcu.externaltools.gnu-tools-for-stm32.9-2020-q2-update.win32_1.5.0.202011040924/tools/bin/../lib/gcc/arm-none-eabi/9.3.1/thumb/v7e-m+fp/hard\libgcc.a
LOAD c:/st/stm32cubeide_1.6.0/stm32cubeide/plugins/com.st.stm32cube.ide.mcu.externaltools.gnu-tools-for-stm32.9-2020-q2-update.win32_1.5.0.202011040924/tools/bin/../lib/gcc/arm-none-eabi/9.3.1/../../../../arm-none-eabi/lib/thumb/v7e-m+fp/hard\libc_nano.a
END GROUP
START GROUP
LOAD c:/st/stm32cubeide_1.6.0/stm32cubeide/plugins/com.st.stm32cube.ide.mcu.externaltools.gnu-tools-for-stm32.9-2020-q2-update.win32_1.5.0.202011040924/tools/bin/../lib/gcc/arm-none-eabi/9.3.1/thumb/v7e-m+fp/hard\libgcc.a
LOAD c:/st/stm32cubeide_1.6.0/stm32cubeide/plugins/com.st.stm32cube.ide.mcu.externaltools.gnu-tools-for-stm32.9-2020-q2-update.win32_1.5.0.202011040924/tools/bin/../lib/gcc/arm-none-eabi/9.3.1/../../../../arm-none-eabi/lib/thumb/v7e-m+fp/hard\libc_nano.a
LOAD c:/st/stm32cubeide_1.6.0/stm32cubeide/plugins/com.st.stm32cube.ide.mcu.externaltools.gnu-tools-for-stm32.9-2020-q2-update.win32_1.5.0.202011040924/tools/bin/../lib/gcc/arm-none-eabi/9.3.1/../../../../arm-none-eabi/lib/thumb/v7e-m+fp/hard\libnosys.a
END GROUP
START GROUP
LOAD c:/st/stm32cubeide_1.6.0/stm32cubeide/plugins/com.st.stm32cube.ide.mcu.externaltools.gnu-tools-for-stm32.9-2020-q2-update.win32_1.5.0.202011040924/tools/bin/../lib/gcc/arm-none-eabi/9.3.1/thumb/v7e-m+fp/hard\libgcc.a
LOAD c:/st/stm32cubeide_1.6.0/stm32cubeide/plugins/com.st.stm32cube.ide.mcu.externaltools.gnu-tools-for-stm32.9-2020-q2-update.win32_1.5.0.202011040924/tools/bin/../lib/gcc/arm-none-eabi/9.3.1/../../../../arm-none-eabi/lib/thumb/v7e-m+fp/hard\libc_nano.a
LOAD c:/st/stm32cubeide_1.6.0/stm32cubeide/plugins/com.st.stm32cube.ide.mcu.externaltools.gnu-tools-for-stm32.9-2020-q2-update.win32_1.5.0.202011040924/tools/bin/../lib/gcc/arm-none-eabi/9.3.1/../../../../arm-none-eabi/lib/thumb/v7e-m+fp/hard\libnosys.a
END GROUP
LOAD c:/st/stm32cubeide_1.6.0/stm32cubeide/plugins/com.st.stm32cube.ide.mcu.externaltools.gnu-tools-for-stm32.9-2020-q2-update.win32_1.5.0.202011040924/tools/bin/../lib/gcc/arm-none-eabi/9.3.1/thumb/v7e-m+fp/hard/crtend.o
LOAD c:/st/stm32cubeide_1.6.0/stm32cubeide/plugins/com.st.stm32cube.ide.mcu.externaltools.gnu-tools-for-stm32.9-2020-q2-update.win32_1.5.0.202011040924/tools/bin/../lib/gcc/arm-none-eabi/9.3.1/thumb/v7e-m+fp/hard/crtn.o
                0x0000000020030000                _estack = 0x20030000
                0x0000000000000200                _Min_Heap_Size = 0x200
                0x0000000000000400                _Min_Stack_Size = 0x400

.isr_vector     0x0000000008000000      0x13c
                0x0000000008000000                . = ALIGN (0x4)
 *(.isr_vector)
 .isr_vector    0x0000000008000000      0x13c Core/Startup/startup_stm32wb55rgvx.o
                0x0000000008000000                g_pfnVectors
                0x000000000800013c                . = ALIGN (0x4)

.text           0x000000000800013c     0x5a6c
                0x000000000800013c                . = ALIGN (0x4)
 *(.text)
 .text          0x000000000800013c       0x40 c:/st/stm32cubeide_1.6.0/stm32cubeide/plugins/com.st.stm32cube.ide.mcu.externaltools.gnu-tools-for-stm32.9-2020-q2-update.win32_1.5.0.202011040924/tools/bin/../lib/gcc/arm-none-eabi/9.3.1/thumb/v7e-m+fp/hard/crtbegin.o
 .text          0x000000000800017c       0x30 c:/st/stm32cubeide_1.6.0/stm32cubeide/plugins/com.st.stm32cube.ide.mcu.externaltools.gnu-tools-for-stm32.9-2020-q2-update.win32_1.5.0.202011040924/tools/bin/../lib/gcc/arm-none-eabi/9.3.1/thumb/v7e-m+fp/hard\libgcc.a(_aeabi_uldivmod.o)
                0x000000000800017c                __aeabi_uldivmod
 .text          0x00000000080001ac      0x2c4 c:/st/stm32cubeide_1.6.0/stm32cubeide/plugins/com.st.stm32cube.ide.mcu.externaltools.gnu-tools-for-stm32.9-2020-q2-update.win32_1.5.0.202011040924/tools/bin/../lib/gcc/arm-none-eabi/9.3.1/thumb/v7e-m+fp/hard\libgcc.a(_udivmoddi4.o)
                0x00000000080001ac                __udivmoddi4
 .text          0x0000000008000470        0x4 c:/st/stm32cubeide_1.6.0/stm32cubeide/plugins/com.st.stm32cube.ide.mcu.externaltools.gnu-tools-for-stm32.9-2020-q2-update.win32_1.5.0.202011040924/tools/bin/../lib/gcc/arm-none-eabi/9.3.1/thumb/v7e-m+fp/hard\libgcc.a(_dvmd_tls.o)
                0x0000000008000470                __aeabi_idiv0
                0x0000000008000470                __aeabi_ldiv0
 *(.text*)
 .text.TextLCD_Strobe
                0x0000000008000474       0x6c Core/Src/lcd.o
                0x0000000008000474                TextLCD_Strobe
 .text.TextLCD_Cmd
                0x00000000080004e0       0x90 Core/Src/lcd.o
                0x00000000080004e0                TextLCD_Cmd
 .text.TextLCD_Data
                0x0000000008000570       0x9c Core/Src/lcd.o
                0x0000000008000570                TextLCD_Data
 .text.TextLCD_Init
                0x000000000800060c       0xdc Core/Src/lcd.o
                0x000000000800060c                TextLCD_Init
 .text.TextLCD_Home
                0x00000000080006e8       0x18 Core/Src/lcd.o
                0x00000000080006e8                TextLCD_Home
 .text.TextLCD_Position
                0x0000000008000700       0x3a Core/Src/lcd.o
                0x0000000008000700                TextLCD_Position
 .text.TextLCD_Putchar
                0x000000000800073a       0x1e Core/Src/lcd.o
                0x000000000800073a                TextLCD_Putchar
 .text.TextLCD_Puts
                0x0000000008000758       0x3c Core/Src/lcd.o
                0x0000000008000758                TextLCD_Puts
 .text.LL_RCC_LSE_SetDriveCapability
                0x0000000008000794       0x2c Core/Src/main.o
 .text.LL_AHB2_GRP1_EnableClock
                0x00000000080007c0       0x32 Core/Src/main.o
 *fill*         0x00000000080007f2        0x2 
 .text.checkLevel
                0x00000000080007f4       0xf0 Core/Src/main.o
                0x00000000080007f4                checkLevel
 .text.displayLevel
                0x00000000080008e4       0xb4 Core/Src/main.o
                0x00000000080008e4                displayLevel
 .text.calibrateMPU
                0x0000000008000998      0x18c Core/Src/main.o
                0x0000000008000998                calibrateMPU
 .text.HAL_GPIO_EXTI_Callback
                0x0000000008000b24       0x28 Core/Src/main.o
                0x0000000008000b24                HAL_GPIO_EXTI_Callback
 .text.main     0x0000000008000b4c       0x78 Core/Src/main.o
                0x0000000008000b4c                main
 .text.SystemClock_Config
                0x0000000008000bc4      0x154 Core/Src/main.o
                0x0000000008000bc4                SystemClock_Config
 .text.MX_I2C1_Init
                0x0000000008000d18       0x80 Core/Src/main.o
 .text.MX_TIM1_Init
                0x0000000008000d98       0xa8 Core/Src/main.o
 .text.MX_USART1_UART_Init
                0x0000000008000e40       0x9c Core/Src/main.o
 .text.MX_USB_PCD_Init
                0x0000000008000edc       0x50 Core/Src/main.o
 .text.MX_GPIO_Init
                0x0000000008000f2c       0xbc Core/Src/main.o
 .text.Error_Handler
                0x0000000008000fe8        0xa Core/Src/main.o
                0x0000000008000fe8                Error_Handler
 *fill*         0x0000000008000ff2        0x2 
 .text.LCD_Debug
                0x0000000008000ff4       0x38 Core/Src/mpu.o
                0x0000000008000ff4                LCD_Debug
 .text.MPU6050_Init
                0x000000000800102c       0xbc Core/Src/mpu.o
                0x000000000800102c                MPU6050_Init
 .text.MPU6050_WriteRegister
                0x00000000080010e8       0x5c Core/Src/mpu.o
                0x00000000080010e8                MPU6050_WriteRegister
 .text.MPU6050_ReadRegisters
                0x0000000008001144       0x5c Core/Src/mpu.o
                0x0000000008001144                MPU6050_ReadRegisters
 .text.ssd1306_Reset
                0x00000000080011a0        0xe Core/Src/ssd1306.o
                0x00000000080011a0                ssd1306_Reset
 *fill*         0x00000000080011ae        0x2 
 .text.ssd1306_WriteCommand
                0x00000000080011b0       0x30 Core/Src/ssd1306.o
                0x00000000080011b0                ssd1306_WriteCommand
 .text.ssd1306_WriteData
                0x00000000080011e0       0x34 Core/Src/ssd1306.o
                0x00000000080011e0                ssd1306_WriteData
 .text.ssd1306_Init
                0x0000000008001214       0xd4 Core/Src/ssd1306.o
                0x0000000008001214                ssd1306_Init
 .text.ssd1306_Fill
                0x00000000080012e8       0x48 Core/Src/ssd1306.o
                0x00000000080012e8                ssd1306_Fill
 .text.ssd1306_UpdateScreen
                0x0000000008001330       0x50 Core/Src/ssd1306.o
                0x0000000008001330                ssd1306_UpdateScreen
 .text.ssd1306_DrawPixel
                0x0000000008001380       0xa8 Core/Src/ssd1306.o
                0x0000000008001380                ssd1306_DrawPixel
 .text.ssd1306_WriteChar
                0x0000000008001428      0x110 Core/Src/ssd1306.o
                0x0000000008001428                ssd1306_WriteChar
 .text.ssd1306_WriteString
                0x0000000008001538       0x4c Core/Src/ssd1306.o
                0x0000000008001538                ssd1306_WriteString
 .text.ssd1306_SetCursor
                0x0000000008001584       0x30 Core/Src/ssd1306.o
                0x0000000008001584                ssd1306_SetCursor
 .text.ssd1306_DrawBitmap
                0x00000000080015b4       0xb6 Core/Src/ssd1306.o
                0x00000000080015b4                ssd1306_DrawBitmap
 .text.ssd1306_SetContrast
                0x000000000800166a       0x26 Core/Src/ssd1306.o
                0x000000000800166a                ssd1306_SetContrast
 .text.ssd1306_SetDisplayOn
                0x0000000008001690       0x3c Core/Src/ssd1306.o
                0x0000000008001690                ssd1306_SetDisplayOn
 .text.drawGarfield
                0x00000000080016cc       0x30 Core/Src/ssd1306_tests.o
                0x00000000080016cc                drawGarfield
 .text.LL_AHB2_GRP1_EnableClock
                0x00000000080016fc       0x32 Core/Src/stm32wbxx_hal_msp.o
 .text.LL_APB1_GRP1_EnableClock
                0x000000000800172e       0x32 Core/Src/stm32wbxx_hal_msp.o
 .text.LL_APB2_GRP1_EnableClock
                0x0000000008001760       0x32 Core/Src/stm32wbxx_hal_msp.o
 .text.HAL_MspInit
                0x0000000008001792        0xe Core/Src/stm32wbxx_hal_msp.o
                0x0000000008001792                HAL_MspInit
 .text.HAL_I2C_MspInit
                0x00000000080017a0       0x64 Core/Src/stm32wbxx_hal_msp.o
                0x00000000080017a0                HAL_I2C_MspInit
 .text.HAL_TIM_Base_MspInit
                0x0000000008001804       0x28 Core/Src/stm32wbxx_hal_msp.o
                0x0000000008001804                HAL_TIM_Base_MspInit
 .text.HAL_UART_MspInit
                0x000000000800182c       0x60 Core/Src/stm32wbxx_hal_msp.o
                0x000000000800182c                HAL_UART_MspInit
 .text.HAL_PCD_MspInit
                0x000000000800188c       0x60 Core/Src/stm32wbxx_hal_msp.o
                0x000000000800188c                HAL_PCD_MspInit
 .text.NMI_Handler
                0x00000000080018ec        0x6 Core/Src/stm32wbxx_it.o
                0x00000000080018ec                NMI_Handler
 .text.HardFault_Handler
                0x00000000080018f2        0x6 Core/Src/stm32wbxx_it.o
                0x00000000080018f2                HardFault_Handler
 .text.MemManage_Handler
                0x00000000080018f8        0x6 Core/Src/stm32wbxx_it.o
                0x00000000080018f8                MemManage_Handler
 .text.BusFault_Handler
                0x00000000080018fe        0x6 Core/Src/stm32wbxx_it.o
                0x00000000080018fe                BusFault_Handler
 .text.UsageFault_Handler
                0x0000000008001904        0x6 Core/Src/stm32wbxx_it.o
                0x0000000008001904                UsageFault_Handler
 .text.SVC_Handler
                0x000000000800190a        0xe Core/Src/stm32wbxx_it.o
                0x000000000800190a                SVC_Handler
 .text.DebugMon_Handler
                0x0000000008001918        0xe Core/Src/stm32wbxx_it.o
                0x0000000008001918                DebugMon_Handler
 .text.PendSV_Handler
                0x0000000008001926        0xe Core/Src/stm32wbxx_it.o
                0x0000000008001926                PendSV_Handler
 .text.SysTick_Handler
                0x0000000008001934        0xc Core/Src/stm32wbxx_it.o
                0x0000000008001934                SysTick_Handler
 .text.EXTI2_IRQHandler
                0x0000000008001940        0xe Core/Src/stm32wbxx_it.o
                0x0000000008001940                EXTI2_IRQHandler
 *fill*         0x000000000800194e        0x2 
 .text.SystemInit
                0x0000000008001950       0xa4 Core/Src/system_stm32wbxx.o
                0x0000000008001950                SystemInit
 .text.data_initializers
                0x00000000080019f4       0x18 Core/Startup/startup_stm32wb55rgvx.o
 .text.Reset_Handler
                0x0000000008001a0c       0x54 Core/Startup/startup_stm32wb55rgvx.o
                0x0000000008001a0c                Reset_Handler
 .text.Default_Handler
                0x0000000008001a60        0x2 Core/Startup/startup_stm32wb55rgvx.o
                0x0000000008001a60                RTC_Alarm_IRQHandler
                0x0000000008001a60                TIM1_CC_IRQHandler
                0x0000000008001a60                TSC_IRQHandler
                0x0000000008001a60                USB_HP_IRQHandler
                0x0000000008001a60                EXTI3_IRQHandler
                0x0000000008001a60                LPTIM2_IRQHandler
                0x0000000008001a60                I2C3_ER_IRQHandler
                0x0000000008001a60                EXTI0_IRQHandler
                0x0000000008001a60                FPU_IRQHandler
                0x0000000008001a60                TIM1_UP_TIM16_IRQHandler
                0x0000000008001a60                AES1_IRQHandler
                0x0000000008001a60                SPI1_IRQHandler
                0x0000000008001a60                PWR_SOTF_BLEACT_802ACT_RFPHASE_IRQHandler
                0x0000000008001a60                DMA2_Channel2_IRQHandler
                0x0000000008001a60                DMA1_Channel4_IRQHandler
                0x0000000008001a60                ADC1_IRQHandler
                0x0000000008001a60                PKA_IRQHandler
                0x0000000008001a60                DMA1_Channel7_IRQHandler
                0x0000000008001a60                LCD_IRQHandler
                0x0000000008001a60                IPCC_C1_TX_IRQHandler
                0x0000000008001a60                DMA2_Channel1_IRQHandler
                0x0000000008001a60                QUADSPI_IRQHandler
                0x0000000008001a60                I2C1_EV_IRQHandler
                0x0000000008001a60                DMAMUX1_OVR_IRQHandler
                0x0000000008001a60                DMA1_Channel6_IRQHandler
                0x0000000008001a60                DMA2_Channel4_IRQHandler
                0x0000000008001a60                RCC_IRQHandler
                0x0000000008001a60                DMA1_Channel1_IRQHandler
                0x0000000008001a60                Default_Handler
                0x0000000008001a60                DMA2_Channel7_IRQHandler
                0x0000000008001a60                EXTI15_10_IRQHandler
                0x0000000008001a60                IPCC_C1_RX_IRQHandler
                0x0000000008001a60                C2SEV_PWR_C2H_IRQHandler
                0x0000000008001a60                AES2_IRQHandler
                0x0000000008001a60                I2C3_EV_IRQHandler
                0x0000000008001a60                EXTI9_5_IRQHandler
                0x0000000008001a60                RTC_WKUP_IRQHandler
                0x0000000008001a60                PVD_PVM_IRQHandler
                0x0000000008001a60                SPI2_IRQHandler
                0x0000000008001a60                DMA2_Channel5_IRQHandler
                0x0000000008001a60                CRS_IRQHandler
                0x0000000008001a60                DMA1_Channel5_IRQHandler
                0x0000000008001a60                USB_LP_IRQHandler
                0x0000000008001a60                EXTI4_IRQHandler
                0x0000000008001a60                RNG_IRQHandler
                0x0000000008001a60                TIM1_TRG_COM_TIM17_IRQHandler
                0x0000000008001a60                TAMP_STAMP_LSECSS_IRQHandler
                0x0000000008001a60                DMA1_Channel3_IRQHandler
                0x0000000008001a60                COMP_IRQHandler
                0x0000000008001a60                HSEM_IRQHandler
                0x0000000008001a60                WWDG_IRQHandler
                0x0000000008001a60                LPUART1_IRQHandler
                0x0000000008001a60                DMA2_Channel6_IRQHandler
                0x0000000008001a60                TIM2_IRQHandler
                0x0000000008001a60                TIM1_BRK_IRQHandler
                0x0000000008001a60                EXTI1_IRQHandler
                0x0000000008001a60                DMA1_Channel2_IRQHandler
                0x0000000008001a60                FLASH_IRQHandler
                0x0000000008001a60                USART1_IRQHandler
                0x0000000008001a60                I2C1_ER_IRQHandler
                0x0000000008001a60                LPTIM1_IRQHandler
                0x0000000008001a60                SAI1_IRQHandler
                0x0000000008001a60                DMA2_Channel3_IRQHandler
 *fill*         0x0000000008001a62        0x2 
 .text.HAL_Init
                0x0000000008001a64       0x40 Drivers/STM32WBxx_HAL_Driver/Src/stm32wbxx_hal.o
                0x0000000008001a64                HAL_Init
 .text.HAL_InitTick
                0x0000000008001aa4       0x74 Drivers/STM32WBxx_HAL_Driver/Src/stm32wbxx_hal.o
                0x0000000008001aa4                HAL_InitTick
 .text.HAL_IncTick
                0x0000000008001b18       0x28 Drivers/STM32WBxx_HAL_Driver/Src/stm32wbxx_hal.o
                0x0000000008001b18                HAL_IncTick
 .text.HAL_GetTick
                0x0000000008001b40       0x18 Drivers/STM32WBxx_HAL_Driver/Src/stm32wbxx_hal.o
                0x0000000008001b40                HAL_GetTick
 .text.HAL_GetTickPrio
                0x0000000008001b58       0x18 Drivers/STM32WBxx_HAL_Driver/Src/stm32wbxx_hal.o
                0x0000000008001b58                HAL_GetTickPrio
 .text.HAL_Delay
                0x0000000008001b70       0x48 Drivers/STM32WBxx_HAL_Driver/Src/stm32wbxx_hal.o
                0x0000000008001b70                HAL_Delay
 .text.__NVIC_SetPriorityGrouping
                0x0000000008001bb8       0x48 Drivers/STM32WBxx_HAL_Driver/Src/stm32wbxx_hal_cortex.o
 .text.__NVIC_GetPriorityGrouping
                0x0000000008001c00       0x1c Drivers/STM32WBxx_HAL_Driver/Src/stm32wbxx_hal_cortex.o
 .text.__NVIC_EnableIRQ
                0x0000000008001c1c       0x3c Drivers/STM32WBxx_HAL_Driver/Src/stm32wbxx_hal_cortex.o
 .text.__NVIC_SetPriority
                0x0000000008001c58       0x54 Drivers/STM32WBxx_HAL_Driver/Src/stm32wbxx_hal_cortex.o
 .text.NVIC_EncodePriority
                0x0000000008001cac       0x66 Drivers/STM32WBxx_HAL_Driver/Src/stm32wbxx_hal_cortex.o
 *fill*         0x0000000008001d12        0x2 
 .text.SysTick_Config
                0x0000000008001d14       0x44 Drivers/STM32WBxx_HAL_Driver/Src/stm32wbxx_hal_cortex.o
 .text.HAL_NVIC_SetPriorityGrouping
                0x0000000008001d58       0x16 Drivers/STM32WBxx_HAL_Driver/Src/stm32wbxx_hal_cortex.o
                0x0000000008001d58                HAL_NVIC_SetPriorityGrouping
 .text.HAL_NVIC_SetPriority
                0x0000000008001d6e       0x34 Drivers/STM32WBxx_HAL_Driver/Src/stm32wbxx_hal_cortex.o
                0x0000000008001d6e                HAL_NVIC_SetPriority
 .text.HAL_NVIC_EnableIRQ
                0x0000000008001da2       0x1c Drivers/STM32WBxx_HAL_Driver/Src/stm32wbxx_hal_cortex.o
                0x0000000008001da2                HAL_NVIC_EnableIRQ
 .text.HAL_SYSTICK_Config
                0x0000000008001dbe       0x18 Drivers/STM32WBxx_HAL_Driver/Src/stm32wbxx_hal_cortex.o
                0x0000000008001dbe                HAL_SYSTICK_Config
 *fill*         0x0000000008001dd6        0x2 
 .text.HAL_GPIO_Init
                0x0000000008001dd8      0x2e0 Drivers/STM32WBxx_HAL_Driver/Src/stm32wbxx_hal_gpio.o
                0x0000000008001dd8                HAL_GPIO_Init
 .text.HAL_GPIO_WritePin
                0x00000000080020b8       0x30 Drivers/STM32WBxx_HAL_Driver/Src/stm32wbxx_hal_gpio.o
                0x00000000080020b8                HAL_GPIO_WritePin
 .text.HAL_GPIO_EXTI_IRQHandler
                0x00000000080020e8       0x30 Drivers/STM32WBxx_HAL_Driver/Src/stm32wbxx_hal_gpio.o
                0x00000000080020e8                HAL_GPIO_EXTI_IRQHandler
 .text.HAL_I2C_Init
                0x0000000008002118      0x11e Drivers/STM32WBxx_HAL_Driver/Src/stm32wbxx_hal_i2c.o
                0x0000000008002118                HAL_I2C_Init
 *fill*         0x0000000008002236        0x2 
 .text.HAL_I2C_Master_Transmit
                0x0000000008002238      0x1e8 Drivers/STM32WBxx_HAL_Driver/Src/stm32wbxx_hal_i2c.o
                0x0000000008002238                HAL_I2C_Master_Transmit
 .text.HAL_I2C_Mem_Write
                0x0000000008002420      0x228 Drivers/STM32WBxx_HAL_Driver/Src/stm32wbxx_hal_i2c.o
                0x0000000008002420                HAL_I2C_Mem_Write
 .text.HAL_I2C_Mem_Read
                0x0000000008002648      0x234 Drivers/STM32WBxx_HAL_Driver/Src/stm32wbxx_hal_i2c.o
                0x0000000008002648                HAL_I2C_Mem_Read
 .text.I2C_RequestMemoryWrite
                0x000000000800287c       0xa8 Drivers/STM32WBxx_HAL_Driver/Src/stm32wbxx_hal_i2c.o
 .text.I2C_RequestMemoryRead
                0x0000000008002924       0xa8 Drivers/STM32WBxx_HAL_Driver/Src/stm32wbxx_hal_i2c.o
 .text.I2C_Flush_TXDR
                0x00000000080029cc       0x48 Drivers/STM32WBxx_HAL_Driver/Src/stm32wbxx_hal_i2c.o
 .text.I2C_WaitOnFlagUntilTimeout
                0x0000000008002a14       0x80 Drivers/STM32WBxx_HAL_Driver/Src/stm32wbxx_hal_i2c.o
 .text.I2C_WaitOnTXISFlagUntilTimeout
                0x0000000008002a94       0x80 Drivers/STM32WBxx_HAL_Driver/Src/stm32wbxx_hal_i2c.o
 .text.I2C_WaitOnSTOPFlagUntilTimeout
                0x0000000008002b14       0x78 Drivers/STM32WBxx_HAL_Driver/Src/stm32wbxx_hal_i2c.o
 .text.I2C_IsAcknowledgeFailed
                0x0000000008002b8c       0xcc Drivers/STM32WBxx_HAL_Driver/Src/stm32wbxx_hal_i2c.o
 .text.I2C_TransferConfig
                0x0000000008002c58       0x5c Drivers/STM32WBxx_HAL_Driver/Src/stm32wbxx_hal_i2c.o
 .text.HAL_I2CEx_ConfigAnalogFilter
                0x0000000008002cb4       0x96 Drivers/STM32WBxx_HAL_Driver/Src/stm32wbxx_hal_i2c_ex.o
                0x0000000008002cb4                HAL_I2CEx_ConfigAnalogFilter
 .text.HAL_I2CEx_ConfigDigitalFilter
                0x0000000008002d4a       0x98 Drivers/STM32WBxx_HAL_Driver/Src/stm32wbxx_hal_i2c_ex.o
                0x0000000008002d4a                HAL_I2CEx_ConfigDigitalFilter
 .text.HAL_PCD_Init
                0x0000000008002de2      0x1ca Drivers/STM32WBxx_HAL_Driver/Src/stm32wbxx_hal_pcd.o
                0x0000000008002de2                HAL_PCD_Init
 .text.HAL_PCDEx_ActivateLPM
                0x0000000008002fac       0x54 Drivers/STM32WBxx_HAL_Driver/Src/stm32wbxx_hal_pcd_ex.o
                0x0000000008002fac                HAL_PCDEx_ActivateLPM
 .text.HAL_PWR_EnableBkUpAccess
                0x0000000008003000       0x20 Drivers/STM32WBxx_HAL_Driver/Src/stm32wbxx_hal_pwr.o
                0x0000000008003000                HAL_PWR_EnableBkUpAccess
 .text.HAL_PWREx_GetVoltageRange
                0x0000000008003020       0x1c Drivers/STM32WBxx_HAL_Driver/Src/stm32wbxx_hal_pwr_ex.o
                0x0000000008003020                HAL_PWREx_GetVoltageRange
 .text.LL_RCC_HSE_IsEnabledDiv2
                0x000000000800303c       0x24 Drivers/STM32WBxx_HAL_Driver/Src/stm32wbxx_hal_rcc.o
 .text.LL_RCC_HSE_Enable
                0x0000000008003060       0x1e Drivers/STM32WBxx_HAL_Driver/Src/stm32wbxx_hal_rcc.o
 .text.LL_RCC_HSE_Disable
                0x000000000800307e       0x1e Drivers/STM32WBxx_HAL_Driver/Src/stm32wbxx_hal_rcc.o
 .text.LL_RCC_HSE_IsReady
                0x000000000800309c       0x24 Drivers/STM32WBxx_HAL_Driver/Src/stm32wbxx_hal_rcc.o
 .text.LL_RCC_HSI_Enable
                0x00000000080030c0       0x1e Drivers/STM32WBxx_HAL_Driver/Src/stm32wbxx_hal_rcc.o
 .text.LL_RCC_HSI_Disable
                0x00000000080030de       0x1e Drivers/STM32WBxx_HAL_Driver/Src/stm32wbxx_hal_rcc.o
 .text.LL_RCC_HSI_IsReady
                0x00000000080030fc       0x24 Drivers/STM32WBxx_HAL_Driver/Src/stm32wbxx_hal_rcc.o
 .text.LL_RCC_HSI_SetCalibTrimming
                0x0000000008003120       0x2a Drivers/STM32WBxx_HAL_Driver/Src/stm32wbxx_hal_rcc.o
 .text.LL_RCC_HSI48_Enable
                0x000000000800314a       0x22 Drivers/STM32WBxx_HAL_Driver/Src/stm32wbxx_hal_rcc.o
 .text.LL_RCC_HSI48_Disable
                0x000000000800316c       0x22 Drivers/STM32WBxx_HAL_Driver/Src/stm32wbxx_hal_rcc.o
 .text.LL_RCC_HSI48_IsReady
                0x000000000800318e       0x24 Drivers/STM32WBxx_HAL_Driver/Src/stm32wbxx_hal_rcc.o
 .text.LL_RCC_LSE_Enable
                0x00000000080031b2       0x22 Drivers/STM32WBxx_HAL_Driver/Src/stm32wbxx_hal_rcc.o
 .text.LL_RCC_LSE_Disable
                0x00000000080031d4       0x22 Drivers/STM32WBxx_HAL_Driver/Src/stm32wbxx_hal_rcc.o
 .text.LL_RCC_LSE_EnableBypass
                0x00000000080031f6       0x22 Drivers/STM32WBxx_HAL_Driver/Src/stm32wbxx_hal_rcc.o
 .text.LL_RCC_LSE_DisableBypass
                0x0000000008003218       0x22 Drivers/STM32WBxx_HAL_Driver/Src/stm32wbxx_hal_rcc.o
 .text.LL_RCC_LSE_IsReady
                0x000000000800323a       0x24 Drivers/STM32WBxx_HAL_Driver/Src/stm32wbxx_hal_rcc.o
 .text.LL_RCC_LSI1_Enable
                0x000000000800325e       0x22 Drivers/STM32WBxx_HAL_Driver/Src/stm32wbxx_hal_rcc.o
 .text.LL_RCC_LSI1_Disable
                0x0000000008003280       0x22 Drivers/STM32WBxx_HAL_Driver/Src/stm32wbxx_hal_rcc.o
 .text.LL_RCC_LSI1_IsReady
                0x00000000080032a2       0x24 Drivers/STM32WBxx_HAL_Driver/Src/stm32wbxx_hal_rcc.o
 .text.LL_RCC_LSI2_Enable
                0x00000000080032c6       0x22 Drivers/STM32WBxx_HAL_Driver/Src/stm32wbxx_hal_rcc.o
 .text.LL_RCC_LSI2_Disable
                0x00000000080032e8       0x22 Drivers/STM32WBxx_HAL_Driver/Src/stm32wbxx_hal_rcc.o
 .text.LL_RCC_LSI2_IsReady
                0x000000000800330a       0x24 Drivers/STM32WBxx_HAL_Driver/Src/stm32wbxx_hal_rcc.o
 .text.LL_RCC_LSI2_SetTrimming
                0x000000000800332e       0x2e Drivers/STM32WBxx_HAL_Driver/Src/stm32wbxx_hal_rcc.o
 .text.LL_RCC_MSI_Enable
                0x000000000800335c       0x1e Drivers/STM32WBxx_HAL_Driver/Src/stm32wbxx_hal_rcc.o
 .text.LL_RCC_MSI_Disable
                0x000000000800337a       0x1e Drivers/STM32WBxx_HAL_Driver/Src/stm32wbxx_hal_rcc.o
 .text.LL_RCC_MSI_IsReady
                0x0000000008003398       0x22 Drivers/STM32WBxx_HAL_Driver/Src/stm32wbxx_hal_rcc.o
 .text.LL_RCC_MSI_SetRange
                0x00000000080033ba       0x28 Drivers/STM32WBxx_HAL_Driver/Src/stm32wbxx_hal_rcc.o
 .text.LL_RCC_MSI_GetRange
                0x00000000080033e2       0x2a Drivers/STM32WBxx_HAL_Driver/Src/stm32wbxx_hal_rcc.o
 .text.LL_RCC_MSI_SetCalibTrimming
                0x000000000800340c       0x2a Drivers/STM32WBxx_HAL_Driver/Src/stm32wbxx_hal_rcc.o
 .text.LL_RCC_SetSysClkSource
                0x0000000008003436       0x28 Drivers/STM32WBxx_HAL_Driver/Src/stm32wbxx_hal_rcc.o
 .text.LL_RCC_GetSysClkSource
                0x000000000800345e       0x18 Drivers/STM32WBxx_HAL_Driver/Src/stm32wbxx_hal_rcc.o
 .text.LL_RCC_SetAHBPrescaler
                0x0000000008003476       0x28 Drivers/STM32WBxx_HAL_Driver/Src/stm32wbxx_hal_rcc.o
 .text.LL_C2_RCC_SetAHBPrescaler
                0x000000000800349e       0x2c Drivers/STM32WBxx_HAL_Driver/Src/stm32wbxx_hal_rcc.o
 .text.LL_RCC_SetAHB4Prescaler
                0x00000000080034ca       0x2e Drivers/STM32WBxx_HAL_Driver/Src/stm32wbxx_hal_rcc.o
 .text.LL_RCC_SetAPB1Prescaler
                0x00000000080034f8       0x28 Drivers/STM32WBxx_HAL_Driver/Src/stm32wbxx_hal_rcc.o
 .text.LL_RCC_SetAPB2Prescaler
                0x0000000008003520       0x28 Drivers/STM32WBxx_HAL_Driver/Src/stm32wbxx_hal_rcc.o
 .text.LL_RCC_GetAHBPrescaler
                0x0000000008003548       0x18 Drivers/STM32WBxx_HAL_Driver/Src/stm32wbxx_hal_rcc.o
 .text.LL_RCC_GetAHB4Prescaler
                0x0000000008003560       0x1c Drivers/STM32WBxx_HAL_Driver/Src/stm32wbxx_hal_rcc.o
 .text.LL_RCC_GetAPB1Prescaler
                0x000000000800357c       0x18 Drivers/STM32WBxx_HAL_Driver/Src/stm32wbxx_hal_rcc.o
 .text.LL_RCC_GetAPB2Prescaler
                0x0000000008003594       0x18 Drivers/STM32WBxx_HAL_Driver/Src/stm32wbxx_hal_rcc.o
 .text.LL_RCC_PLL_Enable
                0x00000000080035ac       0x1e Drivers/STM32WBxx_HAL_Driver/Src/stm32wbxx_hal_rcc.o
 .text.LL_RCC_PLL_Disable
                0x00000000080035ca       0x1e Drivers/STM32WBxx_HAL_Driver/Src/stm32wbxx_hal_rcc.o
 .text.LL_RCC_PLL_IsReady
                0x00000000080035e8       0x24 Drivers/STM32WBxx_HAL_Driver/Src/stm32wbxx_hal_rcc.o
 .text.LL_RCC_PLL_GetN
                0x000000000800360c       0x1a Drivers/STM32WBxx_HAL_Driver/Src/stm32wbxx_hal_rcc.o
 .text.LL_RCC_PLL_GetR
                0x0000000008003626       0x18 Drivers/STM32WBxx_HAL_Driver/Src/stm32wbxx_hal_rcc.o
 .text.LL_RCC_PLL_GetDivider
                0x000000000800363e       0x18 Drivers/STM32WBxx_HAL_Driver/Src/stm32wbxx_hal_rcc.o
 .text.LL_RCC_PLL_GetMainSource
                0x0000000008003656       0x18 Drivers/STM32WBxx_HAL_Driver/Src/stm32wbxx_hal_rcc.o
 .text.LL_RCC_IsActiveFlag_HPRE
                0x000000000800366e       0x24 Drivers/STM32WBxx_HAL_Driver/Src/stm32wbxx_hal_rcc.o
 .text.LL_RCC_IsActiveFlag_C2HPRE
                0x0000000008003692       0x26 Drivers/STM32WBxx_HAL_Driver/Src/stm32wbxx_hal_rcc.o
 .text.LL_RCC_IsActiveFlag_SHDHPRE
                0x00000000080036b8       0x26 Drivers/STM32WBxx_HAL_Driver/Src/stm32wbxx_hal_rcc.o
 .text.LL_RCC_IsActiveFlag_PPRE1
                0x00000000080036de       0x24 Drivers/STM32WBxx_HAL_Driver/Src/stm32wbxx_hal_rcc.o
 .text.LL_RCC_IsActiveFlag_PPRE2
                0x0000000008003702       0x24 Drivers/STM32WBxx_HAL_Driver/Src/stm32wbxx_hal_rcc.o
 *fill*         0x0000000008003726        0x2 
 .text.HAL_RCC_OscConfig
                0x0000000008003728      0x718 Drivers/STM32WBxx_HAL_Driver/Src/stm32wbxx_hal_rcc.o
                0x0000000008003728                HAL_RCC_OscConfig
 .text.HAL_RCC_ClockConfig
                0x0000000008003e40      0x280 Drivers/STM32WBxx_HAL_Driver/Src/stm32wbxx_hal_rcc.o
                0x0000000008003e40                HAL_RCC_ClockConfig
 .text.HAL_RCC_GetSysClockFreq
                0x00000000080040c0       0xd8 Drivers/STM32WBxx_HAL_Driver/Src/stm32wbxx_hal_rcc.o
                0x00000000080040c0                HAL_RCC_GetSysClockFreq
 .text.HAL_RCC_GetHCLKFreq
                0x0000000008004198       0x28 Drivers/STM32WBxx_HAL_Driver/Src/stm32wbxx_hal_rcc.o
                0x0000000008004198                HAL_RCC_GetHCLKFreq
 .text.HAL_RCC_GetPCLK1Freq
                0x00000000080041c0       0x2c Drivers/STM32WBxx_HAL_Driver/Src/stm32wbxx_hal_rcc.o
                0x00000000080041c0                HAL_RCC_GetPCLK1Freq
 .text.HAL_RCC_GetPCLK2Freq
                0x00000000080041ec       0x2c Drivers/STM32WBxx_HAL_Driver/Src/stm32wbxx_hal_rcc.o
                0x00000000080041ec                HAL_RCC_GetPCLK2Freq
 .text.RCC_SetFlashLatencyFromMSIRange
                0x0000000008004218       0x70 Drivers/STM32WBxx_HAL_Driver/Src/stm32wbxx_hal_rcc.o
 .text.RCC_SetFlashLatency
                0x0000000008004288      0x100 Drivers/STM32WBxx_HAL_Driver/Src/stm32wbxx_hal_rcc.o
 .text.LL_RCC_LSE_IsEnabled
                0x0000000008004388       0x24 Drivers/STM32WBxx_HAL_Driver/Src/stm32wbxx_hal_rcc_ex.o
 .text.LL_RCC_LSE_IsReady
                0x00000000080043ac       0x24 Drivers/STM32WBxx_HAL_Driver/Src/stm32wbxx_hal_rcc_ex.o
 .text.LL_RCC_MSI_EnablePLLMode
                0x00000000080043d0       0x1e Drivers/STM32WBxx_HAL_Driver/Src/stm32wbxx_hal_rcc_ex.o
 .text.LL_RCC_SetRFWKPClockSource
                0x00000000080043ee       0x2c Drivers/STM32WBxx_HAL_Driver/Src/stm32wbxx_hal_rcc_ex.o
 .text.LL_RCC_SetSMPSClockSource
                0x000000000800441a       0x28 Drivers/STM32WBxx_HAL_Driver/Src/stm32wbxx_hal_rcc_ex.o
 .text.LL_RCC_SetSMPSPrescaler
                0x0000000008004442       0x28 Drivers/STM32WBxx_HAL_Driver/Src/stm32wbxx_hal_rcc_ex.o
 .text.LL_RCC_SetUSARTClockSource
                0x000000000800446a       0x2c Drivers/STM32WBxx_HAL_Driver/Src/stm32wbxx_hal_rcc_ex.o
 .text.LL_RCC_SetLPUARTClockSource
                0x0000000008004496       0x2c Drivers/STM32WBxx_HAL_Driver/Src/stm32wbxx_hal_rcc_ex.o
 .text.LL_RCC_SetI2CClockSource
                0x00000000080044c2       0x3a Drivers/STM32WBxx_HAL_Driver/Src/stm32wbxx_hal_rcc_ex.o
 .text.LL_RCC_SetLPTIMClockSource
                0x00000000080044fc       0x34 Drivers/STM32WBxx_HAL_Driver/Src/stm32wbxx_hal_rcc_ex.o
 .text.LL_RCC_SetSAIClockSource
                0x0000000008004530       0x2c Drivers/STM32WBxx_HAL_Driver/Src/stm32wbxx_hal_rcc_ex.o
 .text.LL_RCC_SetRNGClockSource
                0x000000000800455c       0x2c Drivers/STM32WBxx_HAL_Driver/Src/stm32wbxx_hal_rcc_ex.o
 .text.LL_RCC_SetCLK48ClockSource
                0x0000000008004588       0x2c Drivers/STM32WBxx_HAL_Driver/Src/stm32wbxx_hal_rcc_ex.o
 .text.LL_RCC_SetUSBClockSource
                0x00000000080045b4       0x16 Drivers/STM32WBxx_HAL_Driver/Src/stm32wbxx_hal_rcc_ex.o
 .text.LL_RCC_SetADCClockSource
                0x00000000080045ca       0x2c Drivers/STM32WBxx_HAL_Driver/Src/stm32wbxx_hal_rcc_ex.o
 .text.LL_RCC_SetRTCClockSource
                0x00000000080045f6       0x2c Drivers/STM32WBxx_HAL_Driver/Src/stm32wbxx_hal_rcc_ex.o
 .text.LL_RCC_GetRTCClockSource
                0x0000000008004622       0x1a Drivers/STM32WBxx_HAL_Driver/Src/stm32wbxx_hal_rcc_ex.o
 .text.LL_RCC_ForceBackupDomainReset
                0x000000000800463c       0x22 Drivers/STM32WBxx_HAL_Driver/Src/stm32wbxx_hal_rcc_ex.o
 .text.LL_RCC_ReleaseBackupDomainReset
                0x000000000800465e       0x22 Drivers/STM32WBxx_HAL_Driver/Src/stm32wbxx_hal_rcc_ex.o
 .text.LL_RCC_PLLSAI1_Enable
                0x0000000008004680       0x1e Drivers/STM32WBxx_HAL_Driver/Src/stm32wbxx_hal_rcc_ex.o
 .text.LL_RCC_PLLSAI1_Disable
                0x000000000800469e       0x1e Drivers/STM32WBxx_HAL_Driver/Src/stm32wbxx_hal_rcc_ex.o
 .text.LL_RCC_PLLSAI1_IsReady
                0x00000000080046bc       0x24 Drivers/STM32WBxx_HAL_Driver/Src/stm32wbxx_hal_rcc_ex.o
 .text.HAL_RCCEx_PeriphCLKConfig
                0x00000000080046e0      0x2ec Drivers/STM32WBxx_HAL_Driver/Src/stm32wbxx_hal_rcc_ex.o
                0x00000000080046e0                HAL_RCCEx_PeriphCLKConfig
 .text.HAL_RCCEx_EnableMSIPLLMode
                0x00000000080049cc        0xc Drivers/STM32WBxx_HAL_Driver/Src/stm32wbxx_hal_rcc_ex.o
                0x00000000080049cc                HAL_RCCEx_EnableMSIPLLMode
 .text.RCCEx_PLLSAI1_ConfigNP
                0x00000000080049d8       0xb6 Drivers/STM32WBxx_HAL_Driver/Src/stm32wbxx_hal_rcc_ex.o
 .text.RCCEx_PLLSAI1_ConfigNQ
                0x0000000008004a8e       0xb6 Drivers/STM32WBxx_HAL_Driver/Src/stm32wbxx_hal_rcc_ex.o
 .text.RCCEx_PLLSAI1_ConfigNR
                0x0000000008004b44       0xb6 Drivers/STM32WBxx_HAL_Driver/Src/stm32wbxx_hal_rcc_ex.o
 .text.HAL_TIM_Base_Init
                0x0000000008004bfa       0xae Drivers/STM32WBxx_HAL_Driver/Src/stm32wbxx_hal_tim.o
                0x0000000008004bfa                HAL_TIM_Base_Init
 .text.HAL_TIM_ConfigClockSource
                0x0000000008004ca8      0x18c Drivers/STM32WBxx_HAL_Driver/Src/stm32wbxx_hal_tim.o
                0x0000000008004ca8                HAL_TIM_ConfigClockSource
 .text.TIM_Base_SetConfig
                0x0000000008004e34       0xc8 Drivers/STM32WBxx_HAL_Driver/Src/stm32wbxx_hal_tim.o
                0x0000000008004e34                TIM_Base_SetConfig
 .text.TIM_TI1_ConfigInputStage
                0x0000000008004efc       0x5e Drivers/STM32WBxx_HAL_Driver/Src/stm32wbxx_hal_tim.o
 .text.TIM_TI2_ConfigInputStage
                0x0000000008004f5a       0x60 Drivers/STM32WBxx_HAL_Driver/Src/stm32wbxx_hal_tim.o
 .text.TIM_ITRx_SetConfig
                0x0000000008004fba       0x3a Drivers/STM32WBxx_HAL_Driver/Src/stm32wbxx_hal_tim.o
 .text.TIM_ETR_SetConfig
                0x0000000008004ff4       0x40 Drivers/STM32WBxx_HAL_Driver/Src/stm32wbxx_hal_tim.o
                0x0000000008004ff4                TIM_ETR_SetConfig
 .text.HAL_TIMEx_MasterConfigSynchronization
                0x0000000008005034       0xc0 Drivers/STM32WBxx_HAL_Driver/Src/stm32wbxx_hal_tim_ex.o
                0x0000000008005034                HAL_TIMEx_MasterConfigSynchronization
 .text.LL_RCC_GetUSARTClockSource
                0x00000000080050f4       0x20 Drivers/STM32WBxx_HAL_Driver/Src/stm32wbxx_hal_uart.o
 .text.LL_RCC_GetLPUARTClockSource
                0x0000000008005114       0x20 Drivers/STM32WBxx_HAL_Driver/Src/stm32wbxx_hal_uart.o
 .text.HAL_UART_Init
                0x0000000008005134       0xa0 Drivers/STM32WBxx_HAL_Driver/Src/stm32wbxx_hal_uart.o
                0x0000000008005134                HAL_UART_Init
 .text.UART_SetConfig
                0x00000000080051d4      0x40c Drivers/STM32WBxx_HAL_Driver/Src/stm32wbxx_hal_uart.o
                0x00000000080051d4                UART_SetConfig
 .text.UART_AdvFeatureConfig
                0x00000000080055e0      0x144 Drivers/STM32WBxx_HAL_Driver/Src/stm32wbxx_hal_uart.o
                0x00000000080055e0                UART_AdvFeatureConfig
 .text.UART_CheckIdleState
                0x0000000008005724       0x96 Drivers/STM32WBxx_HAL_Driver/Src/stm32wbxx_hal_uart.o
                0x0000000008005724                UART_CheckIdleState
 .text.UART_WaitOnFlagUntilTimeout
                0x00000000080057ba      0x100 Drivers/STM32WBxx_HAL_Driver/Src/stm32wbxx_hal_uart.o
                0x00000000080057ba                UART_WaitOnFlagUntilTimeout
 .text.HAL_UARTEx_DisableFifoMode
                0x00000000080058ba       0x72 Drivers/STM32WBxx_HAL_Driver/Src/stm32wbxx_hal_uart_ex.o
                0x00000000080058ba                HAL_UARTEx_DisableFifoMode
 .text.HAL_UARTEx_SetTxFifoThreshold
                0x000000000800592c       0x7c Drivers/STM32WBxx_HAL_Driver/Src/stm32wbxx_hal_uart_ex.o
                0x000000000800592c                HAL_UARTEx_SetTxFifoThreshold
 .text.HAL_UARTEx_SetRxFifoThreshold
                0x00000000080059a8       0x7c Drivers/STM32WBxx_HAL_Driver/Src/stm32wbxx_hal_uart_ex.o
                0x00000000080059a8                HAL_UARTEx_SetRxFifoThreshold
 .text.UARTEx_SetNbDataToProcess
                0x0000000008005a24       0x9c Drivers/STM32WBxx_HAL_Driver/Src/stm32wbxx_hal_uart_ex.o
 .text.USB_DisableGlobalInt
                0x0000000008005ac0       0x36 Drivers/STM32WBxx_HAL_Driver/Src/stm32wbxx_ll_usb.o
                0x0000000008005ac0                USB_DisableGlobalInt
 .text.USB_DevInit
                0x0000000008005af6       0x42 Drivers/STM32WBxx_HAL_Driver/Src/stm32wbxx_ll_usb.o
                0x0000000008005af6                USB_DevInit
 .text.__libc_init_array
                0x0000000008005b38       0x48 c:/st/stm32cubeide_1.6.0/stm32cubeide/plugins/com.st.stm32cube.ide.mcu.externaltools.gnu-tools-for-stm32.9-2020-q2-update.win32_1.5.0.202011040924/tools/bin/../lib/gcc/arm-none-eabi/9.3.1/../../../../arm-none-eabi/lib/thumb/v7e-m+fp/hard\libc_nano.a(lib_a-init.o)
                0x0000000008005b38                __libc_init_array
 .text.memset   0x0000000008005b80       0x10 c:/st/stm32cubeide_1.6.0/stm32cubeide/plugins/com.st.stm32cube.ide.mcu.externaltools.gnu-tools-for-stm32.9-2020-q2-update.win32_1.5.0.202011040924/tools/bin/../lib/gcc/arm-none-eabi/9.3.1/../../../../arm-none-eabi/lib/thumb/v7e-m+fp/hard\libc_nano.a(lib_a-memset.o)
                0x0000000008005b80                memset
 *(.glue_7)
 .glue_7        0x0000000008005b90        0x0 linker stubs
 *(.glue_7t)
 .glue_7t       0x0000000008005b90        0x0 linker stubs
 *(.eh_frame)
 .eh_frame      0x0000000008005b90        0x0 c:/st/stm32cubeide_1.6.0/stm32cubeide/plugins/com.st.stm32cube.ide.mcu.externaltools.gnu-tools-for-stm32.9-2020-q2-update.win32_1.5.0.202011040924/tools/bin/../lib/gcc/arm-none-eabi/9.3.1/thumb/v7e-m+fp/hard/crtbegin.o
 *(.init)
 .init          0x0000000008005b90        0x4 c:/st/stm32cubeide_1.6.0/stm32cubeide/plugins/com.st.stm32cube.ide.mcu.externaltools.gnu-tools-for-stm32.9-2020-q2-update.win32_1.5.0.202011040924/tools/bin/../lib/gcc/arm-none-eabi/9.3.1/thumb/v7e-m+fp/hard/crti.o
                0x0000000008005b90                _init
 .init          0x0000000008005b94        0x8 c:/st/stm32cubeide_1.6.0/stm32cubeide/plugins/com.st.stm32cube.ide.mcu.externaltools.gnu-tools-for-stm32.9-2020-q2-update.win32_1.5.0.202011040924/tools/bin/../lib/gcc/arm-none-eabi/9.3.1/thumb/v7e-m+fp/hard/crtn.o
 *(.fini)
 .fini          0x0000000008005b9c        0x4 c:/st/stm32cubeide_1.6.0/stm32cubeide/plugins/com.st.stm32cube.ide.mcu.externaltools.gnu-tools-for-stm32.9-2020-q2-update.win32_1.5.0.202011040924/tools/bin/../lib/gcc/arm-none-eabi/9.3.1/thumb/v7e-m+fp/hard/crti.o
                0x0000000008005b9c                _fini
 .fini          0x0000000008005ba0        0x8 c:/st/stm32cubeide_1.6.0/stm32cubeide/plugins/com.st.stm32cube.ide.mcu.externaltools.gnu-tools-for-stm32.9-2020-q2-update.win32_1.5.0.202011040924/tools/bin/../lib/gcc/arm-none-eabi/9.3.1/thumb/v7e-m+fp/hard/crtn.o
                0x0000000008005ba8                . = ALIGN (0x4)
                0x0000000008005ba8                _etext = .

.vfp11_veneer   0x0000000008005ba8        0x0
 .vfp11_veneer  0x0000000008005ba8        0x0 linker stubs

.v4_bx          0x0000000008005ba8        0x0
 .v4_bx         0x0000000008005ba8        0x0 linker stubs

.iplt           0x0000000008005ba8        0x0
 .iplt          0x0000000008005ba8        0x0 c:/st/stm32cubeide_1.6.0/stm32cubeide/plugins/com.st.stm32cube.ide.mcu.externaltools.gnu-tools-for-stm32.9-2020-q2-update.win32_1.5.0.202011040924/tools/bin/../lib/gcc/arm-none-eabi/9.3.1/thumb/v7e-m+fp/hard/crtbegin.o

.rodata         0x0000000008005ba8      0xd70
                0x0000000008005ba8                . = ALIGN (0x4)
 *(.rodata)
 .rodata        0x0000000008005ba8       0x5b Core/Src/main.o
 *fill*         0x0000000008005c03        0x1 
 .rodata        0x0000000008005c04       0xb4 Core/Src/mpu.o
 .rodata        0x0000000008005cb8       0x2c Drivers/STM32WBxx_HAL_Driver/Src/stm32wbxx_hal_rcc.o
 *(.rodata*)
 .rodata.Font7x10
                0x0000000008005ce4      0x76c Core/Src/ssd1306_fonts.o
 .rodata.garfield_128x64
                0x0000000008006450      0x400 Core/Src/ssd1306_tests.o
                0x0000000008006450                garfield_128x64
 .rodata.AHBPrescTable
                0x0000000008006850       0x40 Core/Src/system_stm32wbxx.o
                0x0000000008006850                AHBPrescTable
 .rodata.APBPrescTable
                0x0000000008006890       0x20 Core/Src/system_stm32wbxx.o
                0x0000000008006890                APBPrescTable
 .rodata.MSIRangeTable
                0x00000000080068b0       0x40 Core/Src/system_stm32wbxx.o
                0x00000000080068b0                MSIRangeTable
 .rodata.UARTPrescTable
                0x00000000080068f0       0x18 Drivers/STM32WBxx_HAL_Driver/Src/stm32wbxx_hal_uart.o
                0x00000000080068f0                UARTPrescTable
 .rodata.numerator.11778
                0x0000000008006908        0x8 Drivers/STM32WBxx_HAL_Driver/Src/stm32wbxx_hal_uart_ex.o
 .rodata.denominator.11779
                0x0000000008006910        0x8 Drivers/STM32WBxx_HAL_Driver/Src/stm32wbxx_hal_uart_ex.o
                0x0000000008006918                . = ALIGN (0x4)

.ARM.extab
 *(.ARM.extab* .gnu.linkonce.armextab.*)

.ARM            0x0000000008006918        0x8
                0x0000000008006918                __exidx_start = .
 *(.ARM.exidx*)
 .ARM.exidx     0x0000000008006918        0x8 c:/st/stm32cubeide_1.6.0/stm32cubeide/plugins/com.st.stm32cube.ide.mcu.externaltools.gnu-tools-for-stm32.9-2020-q2-update.win32_1.5.0.202011040924/tools/bin/../lib/gcc/arm-none-eabi/9.3.1/thumb/v7e-m+fp/hard\libgcc.a(_udivmoddi4.o)
                0x0000000008006920                __exidx_end = .

.rel.dyn        0x0000000008006920        0x0
 .rel.iplt      0x0000000008006920        0x0 c:/st/stm32cubeide_1.6.0/stm32cubeide/plugins/com.st.stm32cube.ide.mcu.externaltools.gnu-tools-for-stm32.9-2020-q2-update.win32_1.5.0.202011040924/tools/bin/../lib/gcc/arm-none-eabi/9.3.1/thumb/v7e-m+fp/hard/crtbegin.o

.preinit_array  0x0000000008006920        0x0
                0x0000000008006920                PROVIDE (__preinit_array_start = .)
 *(.preinit_array*)
                0x0000000008006920                PROVIDE (__preinit_array_end = .)

.init_array     0x0000000008006920        0x4
                0x0000000008006920                PROVIDE (__init_array_start = .)
 *(SORT_BY_NAME(.init_array.*))
 *(.init_array*)
 .init_array    0x0000000008006920        0x4 c:/st/stm32cubeide_1.6.0/stm32cubeide/plugins/com.st.stm32cube.ide.mcu.externaltools.gnu-tools-for-stm32.9-2020-q2-update.win32_1.5.0.202011040924/tools/bin/../lib/gcc/arm-none-eabi/9.3.1/thumb/v7e-m+fp/hard/crtbegin.o
                0x0000000008006924                PROVIDE (__init_array_end = .)

.fini_array     0x0000000008006924        0x4
                [!provide]                        PROVIDE (__fini_array_start = .)
 *(SORT_BY_NAME(.fini_array.*))
 *(.fini_array*)
 .fini_array    0x0000000008006924        0x4 c:/st/stm32cubeide_1.6.0/stm32cubeide/plugins/com.st.stm32cube.ide.mcu.externaltools.gnu-tools-for-stm32.9-2020-q2-update.win32_1.5.0.202011040924/tools/bin/../lib/gcc/arm-none-eabi/9.3.1/thumb/v7e-m+fp/hard/crtbegin.o
                [!provide]                        PROVIDE (__fini_array_end = .)
                0x0000000008006928                _sidata = LOADADDR (.data)

.data           0x0000000020000004       0x18 load address 0x0000000008006928
                0x0000000020000004                . = ALIGN (0x4)
                0x0000000020000004                _sdata = .
 *(.data)
 *(.data*)
 .data.calibrate
                0x0000000020000004        0x4 Core/Src/main.o
                0x0000000020000004                calibrate
 .data.Font_7x10
                0x0000000020000008        0x8 Core/Src/ssd1306_fonts.o
                0x0000000020000008                Font_7x10
 .data.SystemCoreClock
                0x0000000020000010        0x4 Core/Src/system_stm32wbxx.o
                0x0000000020000010                SystemCoreClock
 .data.uwTickPrio
                0x0000000020000014        0x4 Drivers/STM32WBxx_HAL_Driver/Src/stm32wbxx_hal.o
                0x0000000020000014                uwTickPrio
 .data.uwTickFreq
                0x0000000020000018        0x1 Drivers/STM32WBxx_HAL_Driver/Src/stm32wbxx_hal.o
                0x0000000020000018                uwTickFreq
 *(.RamFunc)
 *(.RamFunc*)
                0x000000002000001c                . = ALIGN (0x4)
 *fill*         0x0000000020000019        0x3 
                0x000000002000001c                _edata = .

.igot.plt       0x000000002000001c        0x0 load address 0x0000000008006940
 .igot.plt      0x000000002000001c        0x0 c:/st/stm32cubeide_1.6.0/stm32cubeide/plugins/com.st.stm32cube.ide.mcu.externaltools.gnu-tools-for-stm32.9-2020-q2-update.win32_1.5.0.202011040924/tools/bin/../lib/gcc/arm-none-eabi/9.3.1/thumb/v7e-m+fp/hard/crtbegin.o
                0x000000002000001c                . = ALIGN (0x4)

.bss            0x000000002000001c      0x878 load address 0x0000000008006940
                0x000000002000001c                _sbss = .
                0x000000002000001c                __bss_start__ = _sbss
 *(.bss)
 .bss           0x000000002000001c       0x1c c:/st/stm32cubeide_1.6.0/stm32cubeide/plugins/com.st.stm32cube.ide.mcu.externaltools.gnu-tools-for-stm32.9-2020-q2-update.win32_1.5.0.202011040924/tools/bin/../lib/gcc/arm-none-eabi/9.3.1/thumb/v7e-m+fp/hard/crtbegin.o
 *(.bss*)
 .bss.SSD1306_Buffer
                0x0000000020000038      0x400 Core/Src/ssd1306.o
 .bss.SSD1306   0x0000000020000438        0x6 Core/Src/ssd1306.o
 *(COMMON)
 *fill*         0x000000002000043e        0x2 
 COMMON         0x0000000020000440      0x450 Core/Src/main.o
                0x0000000020000440                Accel_X_RAW
                0x0000000020000444                lcd
                0x000000002000044c                hi2c1
                0x0000000020000498                z_offset
                0x000000002000049c                Rec_Data
                0x00000000200004a2                Accel_Y_RAW
                0x00000000200004a4                Accel_Z_RAW
                0x00000000200004a8                huart1
                0x0000000020000538                mpu
                0x0000000020000544                htim1
                0x0000000020000590                accelYValue
                0x0000000020000592                accelZValue
                0x0000000020000594                accelXValue
                0x0000000020000596                y_offset
                0x0000000020000598                hpcd_USB_FS
                0x000000002000088c                ret
                0x000000002000088e                x_offset
 COMMON         0x0000000020000890        0x4 Drivers/STM32WBxx_HAL_Driver/Src/stm32wbxx_hal.o
                0x0000000020000890                uwTick
                0x0000000020000894                . = ALIGN (0x4)
                0x0000000020000894                _ebss = .
                0x0000000020000894                __bss_end__ = _ebss

._user_heap_stack
                0x0000000020000894      0x604 load address 0x0000000008006940
                0x0000000020000898                . = ALIGN (0x8)
 *fill*         0x0000000020000894        0x4 
                [!provide]                        PROVIDE (end = .)
                0x0000000020000898                PROVIDE (_end = .)
                0x0000000020000a98                . = (. + _Min_Heap_Size)
 *fill*         0x0000000020000898      0x200 
                0x0000000020000e98                . = (. + _Min_Stack_Size)
 *fill*         0x0000000020000a98      0x400 
                0x0000000020000e98                . = ALIGN (0x8)

/DISCARD/
 libc.a(*)
 libm.a(*)
 libgcc.a(*)

.ARM.attributes
                0x0000000000000000       0x30
 *(.ARM.attributes)
 .ARM.attributes
                0x0000000000000000       0x1e c:/st/stm32cubeide_1.6.0/stm32cubeide/plugins/com.st.stm32cube.ide.mcu.externaltools.gnu-tools-for-stm32.9-2020-q2-update.win32_1.5.0.202011040924/tools/bin/../lib/gcc/arm-none-eabi/9.3.1/thumb/v7e-m+fp/hard/crti.o
 .ARM.attributes
                0x000000000000001e       0x34 c:/st/stm32cubeide_1.6.0/stm32cubeide/plugins/com.st.stm32cube.ide.mcu.externaltools.gnu-tools-for-stm32.9-2020-q2-update.win32_1.5.0.202011040924/tools/bin/../lib/gcc/arm-none-eabi/9.3.1/thumb/v7e-m+fp/hard/crtbegin.o
 .ARM.attributes
                0x0000000000000052       0x34 Core/Src/lcd.o
 .ARM.attributes
                0x0000000000000086       0x34 Core/Src/main.o
 .ARM.attributes
                0x00000000000000ba       0x34 Core/Src/mpu.o
 .ARM.attributes
                0x00000000000000ee       0x34 Core/Src/ssd1306.o
 .ARM.attributes
                0x0000000000000122       0x39 Core/Src/ssd1306_fonts.o
 .ARM.attributes
                0x000000000000015b       0x34 Core/Src/ssd1306_tests.o
 .ARM.attributes
                0x000000000000018f       0x34 Core/Src/stm32wbxx_hal_msp.o
 .ARM.attributes
                0x00000000000001c3       0x34 Core/Src/stm32wbxx_it.o
 .ARM.attributes
                0x00000000000001f7       0x34 Core/Src/system_stm32wbxx.o
 .ARM.attributes
                0x000000000000022b       0x21 Core/Startup/startup_stm32wb55rgvx.o
 .ARM.attributes
                0x000000000000024c       0x34 Drivers/STM32WBxx_HAL_Driver/Src/stm32wbxx_hal.o
 .ARM.attributes
                0x0000000000000280       0x34 Drivers/STM32WBxx_HAL_Driver/Src/stm32wbxx_hal_cortex.o
 .ARM.attributes
                0x00000000000002b4       0x34 Drivers/STM32WBxx_HAL_Driver/Src/stm32wbxx_hal_gpio.o
 .ARM.attributes
                0x00000000000002e8       0x34 Drivers/STM32WBxx_HAL_Driver/Src/stm32wbxx_hal_i2c.o
 .ARM.attributes
                0x000000000000031c       0x34 Drivers/STM32WBxx_HAL_Driver/Src/stm32wbxx_hal_i2c_ex.o
 .ARM.attributes
                0x0000000000000350       0x34 Drivers/STM32WBxx_HAL_Driver/Src/stm32wbxx_hal_pcd.o
 .ARM.attributes
                0x0000000000000384       0x34 Drivers/STM32WBxx_HAL_Driver/Src/stm32wbxx_hal_pcd_ex.o
 .ARM.attributes
                0x00000000000003b8       0x34 Drivers/STM32WBxx_HAL_Driver/Src/stm32wbxx_hal_pwr.o
 .ARM.attributes
                0x00000000000003ec       0x34 Drivers/STM32WBxx_HAL_Driver/Src/stm32wbxx_hal_pwr_ex.o
 .ARM.attributes
                0x0000000000000420       0x34 Drivers/STM32WBxx_HAL_Driver/Src/stm32wbxx_hal_rcc.o
 .ARM.attributes
                0x0000000000000454       0x34 Drivers/STM32WBxx_HAL_Driver/Src/stm32wbxx_hal_rcc_ex.o
 .ARM.attributes
                0x0000000000000488       0x34 Drivers/STM32WBxx_HAL_Driver/Src/stm32wbxx_hal_tim.o
 .ARM.attributes
                0x00000000000004bc       0x34 Drivers/STM32WBxx_HAL_Driver/Src/stm32wbxx_hal_tim_ex.o
 .ARM.attributes
                0x00000000000004f0       0x34 Drivers/STM32WBxx_HAL_Driver/Src/stm32wbxx_hal_uart.o
 .ARM.attributes
                0x0000000000000524       0x34 Drivers/STM32WBxx_HAL_Driver/Src/stm32wbxx_hal_uart_ex.o
 .ARM.attributes
                0x0000000000000558       0x34 Drivers/STM32WBxx_HAL_Driver/Src/stm32wbxx_ll_usb.o
 .ARM.attributes
                0x000000000000058c       0x34 c:/st/stm32cubeide_1.6.0/stm32cubeide/plugins/com.st.stm32cube.ide.mcu.externaltools.gnu-tools-for-stm32.9-2020-q2-update.win32_1.5.0.202011040924/tools/bin/../lib/gcc/arm-none-eabi/9.3.1/../../../../arm-none-eabi/lib/thumb/v7e-m+fp/hard\libc_nano.a(lib_a-init.o)
 .ARM.attributes
                0x00000000000005c0       0x34 c:/st/stm32cubeide_1.6.0/stm32cubeide/plugins/com.st.stm32cube.ide.mcu.externaltools.gnu-tools-for-stm32.9-2020-q2-update.win32_1.5.0.202011040924/tools/bin/../lib/gcc/arm-none-eabi/9.3.1/../../../../arm-none-eabi/lib/thumb/v7e-m+fp/hard\libc_nano.a(lib_a-memset.o)
 .ARM.attributes
                0x00000000000005f4       0x1e c:/st/stm32cubeide_1.6.0/stm32cubeide/plugins/com.st.stm32cube.ide.mcu.externaltools.gnu-tools-for-stm32.9-2020-q2-update.win32_1.5.0.202011040924/tools/bin/../lib/gcc/arm-none-eabi/9.3.1/thumb/v7e-m+fp/hard\libgcc.a(_aeabi_uldivmod.o)
 .ARM.attributes
                0x0000000000000612       0x34 c:/st/stm32cubeide_1.6.0/stm32cubeide/plugins/com.st.stm32cube.ide.mcu.externaltools.gnu-tools-for-stm32.9-2020-q2-update.win32_1.5.0.202011040924/tools/bin/../lib/gcc/arm-none-eabi/9.3.1/thumb/v7e-m+fp/hard\libgcc.a(_udivmoddi4.o)
 .ARM.attributes
                0x0000000000000646       0x1e c:/st/stm32cubeide_1.6.0/stm32cubeide/plugins/com.st.stm32cube.ide.mcu.externaltools.gnu-tools-for-stm32.9-2020-q2-update.win32_1.5.0.202011040924/tools/bin/../lib/gcc/arm-none-eabi/9.3.1/thumb/v7e-m+fp/hard\libgcc.a(_dvmd_tls.o)
 .ARM.attributes
                0x0000000000000664       0x1e c:/st/stm32cubeide_1.6.0/stm32cubeide/plugins/com.st.stm32cube.ide.mcu.externaltools.gnu-tools-for-stm32.9-2020-q2-update.win32_1.5.0.202011040924/tools/bin/../lib/gcc/arm-none-eabi/9.3.1/thumb/v7e-m+fp/hard/crtn.o

MAPPING_TABLE
 *(MAPPING_TABLE)

MB_MEM1
 *(MB_MEM1)

MB_MEM2         0x0000000020030000        0x0
                0x0000000020030000                _sMB_MEM2 = .
 *(MB_MEM2)
                0x0000000020030000                _eMB_MEM2 = .
OUTPUT(el_grns_lab5.elf elf32-littlearm)
LOAD linker stubs
LOAD c:/st/stm32cubeide_1.6.0/stm32cubeide/plugins/com.st.stm32cube.ide.mcu.externaltools.gnu-tools-for-stm32.9-2020-q2-update.win32_1.5.0.202011040924/tools/bin/../lib/gcc/arm-none-eabi/9.3.1/../../../../arm-none-eabi/lib/thumb/v7e-m+fp/hard\libc.a
LOAD c:/st/stm32cubeide_1.6.0/stm32cubeide/plugins/com.st.stm32cube.ide.mcu.externaltools.gnu-tools-for-stm32.9-2020-q2-update.win32_1.5.0.202011040924/tools/bin/../lib/gcc/arm-none-eabi/9.3.1/../../../../arm-none-eabi/lib/thumb/v7e-m+fp/hard\libm.a
LOAD c:/st/stm32cubeide_1.6.0/stm32cubeide/plugins/com.st.stm32cube.ide.mcu.externaltools.gnu-tools-for-stm32.9-2020-q2-update.win32_1.5.0.202011040924/tools/bin/../lib/gcc/arm-none-eabi/9.3.1/thumb/v7e-m+fp/hard\libgcc.a

.debug_info     0x0000000000000000    0x2075a
 .debug_info    0x0000000000000000      0xf76 Core/Src/lcd.o
 .debug_info    0x0000000000000f76     0x2fac Core/Src/main.o
 .debug_info    0x0000000000003f22     0x13b5 Core/Src/mpu.o
 .debug_info    0x00000000000052d7     0x1aaf Core/Src/ssd1306.o
 .debug_info    0x0000000000006d86      0x1f2 Core/Src/ssd1306_fonts.o
 .debug_info    0x0000000000006f78     0x1489 Core/Src/ssd1306_tests.o
 .debug_info    0x0000000000008401     0x1bc8 Core/Src/stm32wbxx_hal_msp.o
 .debug_info    0x0000000000009fc9      0x329 Core/Src/stm32wbxx_it.o
 .debug_info    0x000000000000a2f2      0x89c Core/Src/system_stm32wbxx.o
 .debug_info    0x000000000000ab8e       0x22 Core/Startup/startup_stm32wb55rgvx.o
 .debug_info    0x000000000000abb0     0x14a0 Drivers/STM32WBxx_HAL_Driver/Src/stm32wbxx_hal.o
 .debug_info    0x000000000000c050      0xf0a Drivers/STM32WBxx_HAL_Driver/Src/stm32wbxx_hal_cortex.o
 .debug_info    0x000000000000cf5a      0x8b8 Drivers/STM32WBxx_HAL_Driver/Src/stm32wbxx_hal_gpio.o
 .debug_info    0x000000000000d812     0x23c9 Drivers/STM32WBxx_HAL_Driver/Src/stm32wbxx_hal_i2c.o
 .debug_info    0x000000000000fbdb      0xb0e Drivers/STM32WBxx_HAL_Driver/Src/stm32wbxx_hal_i2c_ex.o
 .debug_info    0x00000000000106e9     0x1561 Drivers/STM32WBxx_HAL_Driver/Src/stm32wbxx_hal_pcd.o
 .debug_info    0x0000000000011c4a      0xa11 Drivers/STM32WBxx_HAL_Driver/Src/stm32wbxx_hal_pcd_ex.o
 .debug_info    0x000000000001265b      0xade Drivers/STM32WBxx_HAL_Driver/Src/stm32wbxx_hal_pwr.o
 .debug_info    0x0000000000013139     0x1296 Drivers/STM32WBxx_HAL_Driver/Src/stm32wbxx_hal_pwr_ex.o
 .debug_info    0x00000000000143cf     0x16ea Drivers/STM32WBxx_HAL_Driver/Src/stm32wbxx_hal_rcc.o
 .debug_info    0x0000000000015ab9     0x1e70 Drivers/STM32WBxx_HAL_Driver/Src/stm32wbxx_hal_rcc_ex.o
 .debug_info    0x0000000000017929     0x2d6c Drivers/STM32WBxx_HAL_Driver/Src/stm32wbxx_hal_tim.o
 .debug_info    0x000000000001a695     0x197c Drivers/STM32WBxx_HAL_Driver/Src/stm32wbxx_hal_tim_ex.o
 .debug_info    0x000000000001c011     0x1f28 Drivers/STM32WBxx_HAL_Driver/Src/stm32wbxx_hal_uart.o
 .debug_info    0x000000000001df39      0xeed Drivers/STM32WBxx_HAL_Driver/Src/stm32wbxx_hal_uart_ex.o
 .debug_info    0x000000000001ee26     0x1934 Drivers/STM32WBxx_HAL_Driver/Src/stm32wbxx_ll_usb.o

.debug_abbrev   0x0000000000000000     0x3b06
 .debug_abbrev  0x0000000000000000      0x1e3 Core/Src/lcd.o
 .debug_abbrev  0x00000000000001e3      0x3cd Core/Src/main.o
 .debug_abbrev  0x00000000000005b0      0x23b Core/Src/mpu.o
 .debug_abbrev  0x00000000000007eb      0x396 Core/Src/ssd1306.o
 .debug_abbrev  0x0000000000000b81       0xbe Core/Src/ssd1306_fonts.o
 .debug_abbrev  0x0000000000000c3f      0x25d Core/Src/ssd1306_tests.o
 .debug_abbrev  0x0000000000000e9c      0x266 Core/Src/stm32wbxx_hal_msp.o
 .debug_abbrev  0x0000000000001102       0xf2 Core/Src/stm32wbxx_it.o
 .debug_abbrev  0x00000000000011f4      0x185 Core/Src/system_stm32wbxx.o
 .debug_abbrev  0x0000000000001379       0x12 Core/Startup/startup_stm32wb55rgvx.o
 .debug_abbrev  0x000000000000138b      0x321 Drivers/STM32WBxx_HAL_Driver/Src/stm32wbxx_hal.o
 .debug_abbrev  0x00000000000016ac      0x333 Drivers/STM32WBxx_HAL_Driver/Src/stm32wbxx_hal_cortex.o
 .debug_abbrev  0x00000000000019df      0x1ff Drivers/STM32WBxx_HAL_Driver/Src/stm32wbxx_hal_gpio.o
 .debug_abbrev  0x0000000000001bde      0x256 Drivers/STM32WBxx_HAL_Driver/Src/stm32wbxx_hal_i2c.o
 .debug_abbrev  0x0000000000001e34      0x1e3 Drivers/STM32WBxx_HAL_Driver/Src/stm32wbxx_hal_i2c_ex.o
 .debug_abbrev  0x0000000000002017      0x29e Drivers/STM32WBxx_HAL_Driver/Src/stm32wbxx_hal_pcd.o
 .debug_abbrev  0x00000000000022b5      0x219 Drivers/STM32WBxx_HAL_Driver/Src/stm32wbxx_hal_pcd_ex.o
 .debug_abbrev  0x00000000000024ce      0x1dd Drivers/STM32WBxx_HAL_Driver/Src/stm32wbxx_hal_pwr.o
 .debug_abbrev  0x00000000000026ab      0x314 Drivers/STM32WBxx_HAL_Driver/Src/stm32wbxx_hal_pwr_ex.o
 .debug_abbrev  0x00000000000029bf      0x27c Drivers/STM32WBxx_HAL_Driver/Src/stm32wbxx_hal_rcc.o
 .debug_abbrev  0x0000000000002c3b      0x319 Drivers/STM32WBxx_HAL_Driver/Src/stm32wbxx_hal_rcc_ex.o
 .debug_abbrev  0x0000000000002f54      0x25e Drivers/STM32WBxx_HAL_Driver/Src/stm32wbxx_hal_tim.o
 .debug_abbrev  0x00000000000031b2      0x266 Drivers/STM32WBxx_HAL_Driver/Src/stm32wbxx_hal_tim_ex.o
 .debug_abbrev  0x0000000000003418      0x288 Drivers/STM32WBxx_HAL_Driver/Src/stm32wbxx_hal_uart.o
 .debug_abbrev  0x00000000000036a0      0x20a Drivers/STM32WBxx_HAL_Driver/Src/stm32wbxx_hal_uart_ex.o
 .debug_abbrev  0x00000000000038aa      0x25c Drivers/STM32WBxx_HAL_Driver/Src/stm32wbxx_ll_usb.o

.debug_aranges  0x0000000000000000     0x1eb0
 .debug_aranges
                0x0000000000000000       0x70 Core/Src/lcd.o
 .debug_aranges
                0x0000000000000070       0x98 Core/Src/main.o
 .debug_aranges
                0x0000000000000108       0x40 Core/Src/mpu.o
 .debug_aranges
                0x0000000000000148       0xc8 Core/Src/ssd1306.o
 .debug_aranges
                0x0000000000000210       0x18 Core/Src/ssd1306_fonts.o
 .debug_aranges
                0x0000000000000228       0x70 Core/Src/ssd1306_tests.o
 .debug_aranges
                0x0000000000000298       0x88 Core/Src/stm32wbxx_hal_msp.o
 .debug_aranges
                0x0000000000000320       0x68 Core/Src/stm32wbxx_it.o
 .debug_aranges
                0x0000000000000388       0x28 Core/Src/system_stm32wbxx.o
 .debug_aranges
                0x00000000000003b0       0x30 Core/Startup/startup_stm32wb55rgvx.o
 .debug_aranges
                0x00000000000003e0      0x280 Drivers/STM32WBxx_HAL_Driver/Src/stm32wbxx_hal.o
 .debug_aranges
                0x0000000000000660      0x108 Drivers/STM32WBxx_HAL_Driver/Src/stm32wbxx_hal_cortex.o
 .debug_aranges
                0x0000000000000768       0x58 Drivers/STM32WBxx_HAL_Driver/Src/stm32wbxx_hal_gpio.o
 .debug_aranges
                0x00000000000007c0      0x290 Drivers/STM32WBxx_HAL_Driver/Src/stm32wbxx_hal_i2c.o
 .debug_aranges
                0x0000000000000a50       0x48 Drivers/STM32WBxx_HAL_Driver/Src/stm32wbxx_hal_i2c_ex.o
 .debug_aranges
                0x0000000000000a98      0x130 Drivers/STM32WBxx_HAL_Driver/Src/stm32wbxx_hal_pcd.o
 .debug_aranges
                0x0000000000000bc8       0x58 Drivers/STM32WBxx_HAL_Driver/Src/stm32wbxx_hal_pcd_ex.o
 .debug_aranges
                0x0000000000000c20       0xd0 Drivers/STM32WBxx_HAL_Driver/Src/stm32wbxx_hal_pwr.o
 .debug_aranges
                0x0000000000000cf0      0x288 Drivers/STM32WBxx_HAL_Driver/Src/stm32wbxx_hal_pwr_ex.o
 .debug_aranges
                0x0000000000000f78      0x290 Drivers/STM32WBxx_HAL_Driver/Src/stm32wbxx_hal_rcc.o
 .debug_aranges
                0x0000000000001208      0x390 Drivers/STM32WBxx_HAL_Driver/Src/stm32wbxx_hal_rcc_ex.o
 .debug_aranges
                0x0000000000001598      0x3e0 Drivers/STM32WBxx_HAL_Driver/Src/stm32wbxx_hal_tim.o
 .debug_aranges
                0x0000000000001978      0x190 Drivers/STM32WBxx_HAL_Driver/Src/stm32wbxx_hal_tim_ex.o
 .debug_aranges
                0x0000000000001b08      0x258 Drivers/STM32WBxx_HAL_Driver/Src/stm32wbxx_hal_uart.o
 .debug_aranges
                0x0000000000001d60       0xa0 Drivers/STM32WBxx_HAL_Driver/Src/stm32wbxx_hal_uart_ex.o
 .debug_aranges
                0x0000000000001e00       0xb0 Drivers/STM32WBxx_HAL_Driver/Src/stm32wbxx_ll_usb.o

.debug_ranges   0x0000000000000000     0x1d40
 .debug_ranges  0x0000000000000000       0x60 Core/Src/lcd.o
 .debug_ranges  0x0000000000000060       0x88 Core/Src/main.o
 .debug_ranges  0x00000000000000e8       0x30 Core/Src/mpu.o
 .debug_ranges  0x0000000000000118       0xb8 Core/Src/ssd1306.o
 .debug_ranges  0x00000000000001d0       0x60 Core/Src/ssd1306_tests.o
 .debug_ranges  0x0000000000000230       0x78 Core/Src/stm32wbxx_hal_msp.o
 .debug_ranges  0x00000000000002a8       0x58 Core/Src/stm32wbxx_it.o
 .debug_ranges  0x0000000000000300       0x18 Core/Src/system_stm32wbxx.o
 .debug_ranges  0x0000000000000318       0x28 Core/Startup/startup_stm32wb55rgvx.o
 .debug_ranges  0x0000000000000340      0x270 Drivers/STM32WBxx_HAL_Driver/Src/stm32wbxx_hal.o
 .debug_ranges  0x00000000000005b0       0xf8 Drivers/STM32WBxx_HAL_Driver/Src/stm32wbxx_hal_cortex.o
 .debug_ranges  0x00000000000006a8       0x48 Drivers/STM32WBxx_HAL_Driver/Src/stm32wbxx_hal_gpio.o
 .debug_ranges  0x00000000000006f0      0x280 Drivers/STM32WBxx_HAL_Driver/Src/stm32wbxx_hal_i2c.o
 .debug_ranges  0x0000000000000970       0x38 Drivers/STM32WBxx_HAL_Driver/Src/stm32wbxx_hal_i2c_ex.o
 .debug_ranges  0x00000000000009a8      0x120 Drivers/STM32WBxx_HAL_Driver/Src/stm32wbxx_hal_pcd.o
 .debug_ranges  0x0000000000000ac8       0x48 Drivers/STM32WBxx_HAL_Driver/Src/stm32wbxx_hal_pcd_ex.o
 .debug_ranges  0x0000000000000b10       0xc0 Drivers/STM32WBxx_HAL_Driver/Src/stm32wbxx_hal_pwr.o
 .debug_ranges  0x0000000000000bd0      0x278 Drivers/STM32WBxx_HAL_Driver/Src/stm32wbxx_hal_pwr_ex.o
 .debug_ranges  0x0000000000000e48      0x280 Drivers/STM32WBxx_HAL_Driver/Src/stm32wbxx_hal_rcc.o
 .debug_ranges  0x00000000000010c8      0x380 Drivers/STM32WBxx_HAL_Driver/Src/stm32wbxx_hal_rcc_ex.o
 .debug_ranges  0x0000000000001448      0x3d0 Drivers/STM32WBxx_HAL_Driver/Src/stm32wbxx_hal_tim.o
 .debug_ranges  0x0000000000001818      0x180 Drivers/STM32WBxx_HAL_Driver/Src/stm32wbxx_hal_tim_ex.o
 .debug_ranges  0x0000000000001998      0x278 Drivers/STM32WBxx_HAL_Driver/Src/stm32wbxx_hal_uart.o
 .debug_ranges  0x0000000000001c10       0x90 Drivers/STM32WBxx_HAL_Driver/Src/stm32wbxx_hal_uart_ex.o
 .debug_ranges  0x0000000000001ca0       0xa0 Drivers/STM32WBxx_HAL_Driver/Src/stm32wbxx_ll_usb.o

.debug_macro    0x0000000000000000    0x28300
 .debug_macro   0x0000000000000000      0x278 Core/Src/lcd.o
 .debug_macro   0x0000000000000278      0xaa8 Core/Src/lcd.o
 .debug_macro   0x0000000000000d20      0x13c Core/Src/lcd.o
 .debug_macro   0x0000000000000e5c       0x2e Core/Src/lcd.o
 .debug_macro   0x0000000000000e8a       0x2e Core/Src/lcd.o
 .debug_macro   0x0000000000000eb8       0x22 Core/Src/lcd.o
 .debug_macro   0x0000000000000eda       0x8e Core/Src/lcd.o
 .debug_macro   0x0000000000000f68       0x51 Core/Src/lcd.o
 .debug_macro   0x0000000000000fb9      0x103 Core/Src/lcd.o
 .debug_macro   0x00000000000010bc       0x6a Core/Src/lcd.o
 .debug_macro   0x0000000000001126      0x1df Core/Src/lcd.o
 .debug_macro   0x0000000000001305       0x1c Core/Src/lcd.o
 .debug_macro   0x0000000000001321       0x22 Core/Src/lcd.o
 .debug_macro   0x0000000000001343      0x101 Core/Src/lcd.o
 .debug_macro   0x0000000000001444     0x1011 Core/Src/lcd.o
 .debug_macro   0x0000000000002455      0x11f Core/Src/lcd.o
 .debug_macro   0x0000000000002574    0x12acd Core/Src/lcd.o
 .debug_macro   0x0000000000015041       0x42 Core/Src/lcd.o
 .debug_macro   0x0000000000015083     0x347d Core/Src/lcd.o
 .debug_macro   0x0000000000018500      0x174 Core/Src/lcd.o
 .debug_macro   0x0000000000018674       0x5c Core/Src/lcd.o
 .debug_macro   0x00000000000186d0      0x3f5 Core/Src/lcd.o
 .debug_macro   0x0000000000018ac5      0x286 Core/Src/lcd.o
 .debug_macro   0x0000000000018d4b      0x30d Core/Src/lcd.o
 .debug_macro   0x0000000000019058      0x17e Core/Src/lcd.o
 .debug_macro   0x00000000000191d6       0x43 Core/Src/lcd.o
 .debug_macro   0x0000000000019219      0x236 Core/Src/lcd.o
 .debug_macro   0x000000000001944f      0x24a Core/Src/lcd.o
 .debug_macro   0x0000000000019699      0x57b Core/Src/lcd.o
 .debug_macro   0x0000000000019c14       0x1c Core/Src/lcd.o
 .debug_macro   0x0000000000019c30      0x100 Core/Src/lcd.o
 .debug_macro   0x0000000000019d30      0x137 Core/Src/lcd.o
 .debug_macro   0x0000000000019e67      0x1ce Core/Src/lcd.o
 .debug_macro   0x000000000001a035      0x22c Core/Src/lcd.o
 .debug_macro   0x000000000001a261       0x55 Core/Src/lcd.o
 .debug_macro   0x000000000001a2b6       0xa5 Core/Src/lcd.o
 .debug_macro   0x000000000001a35b       0x65 Core/Src/lcd.o
 .debug_macro   0x000000000001a3c0      0x234 Core/Src/lcd.o
 .debug_macro   0x000000000001a5f4      0x381 Core/Src/lcd.o
 .debug_macro   0x000000000001a975      0x13e Core/Src/lcd.o
 .debug_macro   0x000000000001aab3      0x141 Core/Src/lcd.o
 .debug_macro   0x000000000001abf4      0x500 Core/Src/lcd.o
 .debug_macro   0x000000000001b0f4      0x874 Core/Src/lcd.o
 .debug_macro   0x000000000001b968      0x259 Core/Src/lcd.o
 .debug_macro   0x000000000001bbc1     0x1b24 Core/Src/lcd.o
 .debug_macro   0x000000000001d6e5       0xe4 Core/Src/lcd.o
 .debug_macro   0x000000000001d7c9      0x5dc Core/Src/lcd.o
 .debug_macro   0x000000000001dda5      0xaa6 Core/Src/lcd.o
 .debug_macro   0x000000000001e84b      0x111 Core/Src/lcd.o
 .debug_macro   0x000000000001e95c      0x67e Core/Src/lcd.o
 .debug_macro   0x000000000001efda       0xa6 Core/Src/lcd.o
 .debug_macro   0x000000000001f080      0x557 Core/Src/lcd.o
 .debug_macro   0x000000000001f5d7      0x433 Core/Src/lcd.o
 .debug_macro   0x000000000001fa0a       0x9a Core/Src/lcd.o
 .debug_macro   0x000000000001faa4      0x467 Core/Src/main.o
 .debug_macro   0x000000000001ff0b       0x52 Core/Src/main.o
 .debug_macro   0x000000000001ff5d       0x18 Core/Src/main.o
 .debug_macro   0x000000000001ff75       0x3c Core/Src/main.o
 .debug_macro   0x000000000001ffb1       0x34 Core/Src/main.o
 .debug_macro   0x000000000001ffe5       0x16 Core/Src/main.o
 .debug_macro   0x000000000001fffb       0x43 Core/Src/main.o
 .debug_macro   0x000000000002003e       0x34 Core/Src/main.o
 .debug_macro   0x0000000000020072       0x10 Core/Src/main.o
 .debug_macro   0x0000000000020082       0x58 Core/Src/main.o
 .debug_macro   0x00000000000200da       0x71 Core/Src/main.o
 .debug_macro   0x000000000002014b       0x1c Core/Src/main.o
 .debug_macro   0x0000000000020167      0x12a Core/Src/main.o
 .debug_macro   0x0000000000020291      0x333 Core/Src/main.o
 .debug_macro   0x00000000000205c4       0x10 Core/Src/main.o
 .debug_macro   0x00000000000205d4       0x35 Core/Src/main.o
 .debug_macro   0x0000000000020609       0x20 Core/Src/main.o
 .debug_macro   0x0000000000020629       0x1c Core/Src/main.o
 .debug_macro   0x0000000000020645       0x10 Core/Src/main.o
 .debug_macro   0x0000000000020655       0x10 Core/Src/main.o
 .debug_macro   0x0000000000020665       0x1c Core/Src/main.o
 .debug_macro   0x0000000000020681       0x52 Core/Src/main.o
 .debug_macro   0x00000000000206d3       0x22 Core/Src/main.o
 .debug_macro   0x00000000000206f5       0x10 Core/Src/main.o
 .debug_macro   0x0000000000020705       0x40 Core/Src/main.o
 .debug_macro   0x0000000000020745       0xd5 Core/Src/main.o
 .debug_macro   0x000000000002081a       0x1c Core/Src/main.o
 .debug_macro   0x0000000000020836       0x3d Core/Src/main.o
 .debug_macro   0x0000000000020873       0x16 Core/Src/main.o
 .debug_macro   0x0000000000020889      0x145 Core/Src/main.o
 .debug_macro   0x00000000000209ce       0x3a Core/Src/main.o
 .debug_macro   0x0000000000020a08       0x40 Core/Src/main.o
 .debug_macro   0x0000000000020a48       0x4c Core/Src/main.o
 .debug_macro   0x0000000000020a94      0x1a9 Core/Src/main.o
 .debug_macro   0x0000000000020c3d      0x355 Core/Src/mpu.o
 .debug_macro   0x0000000000020f92      0x39f Core/Src/ssd1306.o
 .debug_macro   0x0000000000021331       0x4c Core/Src/ssd1306.o
 .debug_macro   0x000000000002137d       0x94 Core/Src/ssd1306.o
 .debug_macro   0x0000000000021411       0x57 Core/Src/ssd1306.o
 .debug_macro   0x0000000000021468     0x34fb Core/Src/ssd1306.o
 .debug_macro   0x0000000000024963       0x16 Core/Src/ssd1306.o
 .debug_macro   0x0000000000024979       0x16 Core/Src/ssd1306.o
 .debug_macro   0x000000000002498f       0x29 Core/Src/ssd1306.o
 .debug_macro   0x00000000000249b8       0x16 Core/Src/ssd1306.o
 .debug_macro   0x00000000000249ce       0x76 Core/Src/ssd1306_fonts.o
 .debug_macro   0x0000000000024a44      0x41c Core/Src/ssd1306_tests.o
 .debug_macro   0x0000000000024e60      0x339 Core/Src/ssd1306_tests.o
 .debug_macro   0x0000000000025199       0xfb Core/Src/ssd1306_tests.o
 .debug_macro   0x0000000000025294       0x56 Core/Src/ssd1306_tests.o
 .debug_macro   0x00000000000252ea      0x26e Core/Src/stm32wbxx_hal_msp.o
 .debug_macro   0x0000000000025558      0x278 Core/Src/stm32wbxx_it.o
 .debug_macro   0x00000000000257d0      0x25f Core/Src/system_stm32wbxx.o
 .debug_macro   0x0000000000025a2f      0x283 Drivers/STM32WBxx_HAL_Driver/Src/stm32wbxx_hal.o
 .debug_macro   0x0000000000025cb2      0x25f Drivers/STM32WBxx_HAL_Driver/Src/stm32wbxx_hal_cortex.o
 .debug_macro   0x0000000000025f11      0x297 Drivers/STM32WBxx_HAL_Driver/Src/stm32wbxx_hal_gpio.o
 .debug_macro   0x00000000000261a8      0x324 Drivers/STM32WBxx_HAL_Driver/Src/stm32wbxx_hal_i2c.o
 .debug_macro   0x00000000000264cc      0x25f Drivers/STM32WBxx_HAL_Driver/Src/stm32wbxx_hal_i2c_ex.o
 .debug_macro   0x000000000002672b      0x26b Drivers/STM32WBxx_HAL_Driver/Src/stm32wbxx_hal_pcd.o
 .debug_macro   0x0000000000026996      0x25f Drivers/STM32WBxx_HAL_Driver/Src/stm32wbxx_hal_pcd_ex.o
 .debug_macro   0x0000000000026bf5      0x2d1 Drivers/STM32WBxx_HAL_Driver/Src/stm32wbxx_hal_pwr.o
 .debug_macro   0x0000000000026ec6      0x271 Drivers/STM32WBxx_HAL_Driver/Src/stm32wbxx_hal_pwr_ex.o
 .debug_macro   0x0000000000027137      0x2ef Drivers/STM32WBxx_HAL_Driver/Src/stm32wbxx_hal_rcc.o
 .debug_macro   0x0000000000027426      0x2b4 Drivers/STM32WBxx_HAL_Driver/Src/stm32wbxx_hal_rcc_ex.o
 .debug_macro   0x00000000000276da      0x267 Drivers/STM32WBxx_HAL_Driver/Src/stm32wbxx_hal_tim.o
 .debug_macro   0x0000000000027941      0x26b Drivers/STM32WBxx_HAL_Driver/Src/stm32wbxx_hal_tim_ex.o
 .debug_macro   0x0000000000027bac      0x28a Drivers/STM32WBxx_HAL_Driver/Src/stm32wbxx_hal_uart.o
 .debug_macro   0x0000000000027e36      0x26b Drivers/STM32WBxx_HAL_Driver/Src/stm32wbxx_hal_uart_ex.o
 .debug_macro   0x00000000000280a1      0x25f Drivers/STM32WBxx_HAL_Driver/Src/stm32wbxx_ll_usb.o

.debug_line     0x0000000000000000    0x1cccb
 .debug_line    0x0000000000000000      0x9cf Core/Src/lcd.o
 .debug_line    0x00000000000009cf      0xeb5 Core/Src/main.o
 .debug_line    0x0000000000001884      0xa1d Core/Src/mpu.o
 .debug_line    0x00000000000022a1      0xf49 Core/Src/ssd1306.o
 .debug_line    0x00000000000031ea      0x3ac Core/Src/ssd1306_fonts.o
 .debug_line    0x0000000000003596      0xc56 Core/Src/ssd1306_tests.o
 .debug_line    0x00000000000041ec      0x9b1 Core/Src/stm32wbxx_hal_msp.o
 .debug_line    0x0000000000004b9d      0x8ca Core/Src/stm32wbxx_it.o
 .debug_line    0x0000000000005467      0x88e Core/Src/system_stm32wbxx.o
 .debug_line    0x0000000000005cf5       0x91 Core/Startup/startup_stm32wb55rgvx.o
 .debug_line    0x0000000000005d86     0x1075 Drivers/STM32WBxx_HAL_Driver/Src/stm32wbxx_hal.o
 .debug_line    0x0000000000006dfb      0xd3f Drivers/STM32WBxx_HAL_Driver/Src/stm32wbxx_hal_cortex.o
 .debug_line    0x0000000000007b3a      0xc00 Drivers/STM32WBxx_HAL_Driver/Src/stm32wbxx_hal_gpio.o
 .debug_line    0x000000000000873a     0x33b0 Drivers/STM32WBxx_HAL_Driver/Src/stm32wbxx_hal_i2c.o
 .debug_line    0x000000000000baea      0xa0b Drivers/STM32WBxx_HAL_Driver/Src/stm32wbxx_hal_i2c_ex.o
 .debug_line    0x000000000000c4f5     0x13a6 Drivers/STM32WBxx_HAL_Driver/Src/stm32wbxx_hal_pcd.o
 .debug_line    0x000000000000d89b      0x964 Drivers/STM32WBxx_HAL_Driver/Src/stm32wbxx_hal_pcd_ex.o
 .debug_line    0x000000000000e1ff      0xa90 Drivers/STM32WBxx_HAL_Driver/Src/stm32wbxx_hal_pwr.o
 .debug_line    0x000000000000ec8f     0x11b4 Drivers/STM32WBxx_HAL_Driver/Src/stm32wbxx_hal_pwr_ex.o
 .debug_line    0x000000000000fe43     0x190d Drivers/STM32WBxx_HAL_Driver/Src/stm32wbxx_hal_rcc.o
 .debug_line    0x0000000000011750     0x1d40 Drivers/STM32WBxx_HAL_Driver/Src/stm32wbxx_hal_rcc_ex.o
 .debug_line    0x0000000000013490     0x3ae3 Drivers/STM32WBxx_HAL_Driver/Src/stm32wbxx_hal_tim.o
 .debug_line    0x0000000000016f73     0x1ca1 Drivers/STM32WBxx_HAL_Driver/Src/stm32wbxx_hal_tim_ex.o
 .debug_line    0x0000000000018c14     0x2255 Drivers/STM32WBxx_HAL_Driver/Src/stm32wbxx_hal_uart.o
 .debug_line    0x000000000001ae69      0xd8b Drivers/STM32WBxx_HAL_Driver/Src/stm32wbxx_hal_uart_ex.o
 .debug_line    0x000000000001bbf4     0x10d7 Drivers/STM32WBxx_HAL_Driver/Src/stm32wbxx_ll_usb.o

.debug_str      0x0000000000000000    0xe6d65
 .debug_str     0x0000000000000000    0xd97bf Core/Src/lcd.o
                                      0xda427 (size before relaxing)
 .debug_str     0x00000000000d97bf     0x5db3 Core/Src/main.o
                                      0xe02d3 (size before relaxing)
 .debug_str     0x00000000000df572       0x8c Core/Src/mpu.o
                                      0xdd3c3 (size before relaxing)
 .debug_str     0x00000000000df5fe      0x7b1 Core/Src/ssd1306.o
                                      0xde2ac (size before relaxing)
 .debug_str     0x00000000000dfdaf       0x41 Core/Src/ssd1306_fonts.o
                                       0x3e4b (size before relaxing)
 .debug_str     0x00000000000dfdf0      0x132 Core/Src/ssd1306_tests.o
                                      0xde657 (size before relaxing)
 .debug_str     0x00000000000dff22      0x13b Core/Src/stm32wbxx_hal_msp.o
                                      0xdac2a (size before relaxing)
 .debug_str     0x00000000000e005d       0xce Core/Src/stm32wbxx_it.o
                                      0xd9b46 (size before relaxing)
 .debug_str     0x00000000000e012b       0xb8 Core/Src/system_stm32wbxx.o
                                      0xd9b3d (size before relaxing)
 .debug_str     0x00000000000e01e3       0x36 Core/Startup/startup_stm32wb55rgvx.o
                                         0x6d (size before relaxing)
 .debug_str     0x00000000000e0219      0x979 Drivers/STM32WBxx_HAL_Driver/Src/stm32wbxx_hal.o
                                      0xda98c (size before relaxing)
 .debug_str     0x00000000000e0b92      0x376 Drivers/STM32WBxx_HAL_Driver/Src/stm32wbxx_hal_cortex.o
                                      0xda1de (size before relaxing)
 .debug_str     0x00000000000e0f08      0x1f6 Drivers/STM32WBxx_HAL_Driver/Src/stm32wbxx_hal_gpio.o
                                      0xd9bdc (size before relaxing)
 .debug_str     0x00000000000e10fe      0xd2e Drivers/STM32WBxx_HAL_Driver/Src/stm32wbxx_hal_i2c.o
                                      0xdac84 (size before relaxing)
 .debug_str     0x00000000000e1e2c       0xb8 Drivers/STM32WBxx_HAL_Driver/Src/stm32wbxx_hal_i2c_ex.o
                                      0xd9f62 (size before relaxing)
 .debug_str     0x00000000000e1ee4      0x3b1 Drivers/STM32WBxx_HAL_Driver/Src/stm32wbxx_hal_pcd.o
                                      0xda01f (size before relaxing)
 .debug_str     0x00000000000e2295      0x1c6 Drivers/STM32WBxx_HAL_Driver/Src/stm32wbxx_hal_pcd_ex.o
                                      0xd9df7 (size before relaxing)
 .debug_str     0x00000000000e245b      0x55d Drivers/STM32WBxx_HAL_Driver/Src/stm32wbxx_hal_pwr.o
                                      0xd9f87 (size before relaxing)
 .debug_str     0x00000000000e29b8      0x899 Drivers/STM32WBxx_HAL_Driver/Src/stm32wbxx_hal_pwr_ex.o
                                      0xda4c5 (size before relaxing)
 .debug_str     0x00000000000e3251      0xb02 Drivers/STM32WBxx_HAL_Driver/Src/stm32wbxx_hal_rcc.o
                                      0xda90c (size before relaxing)
 .debug_str     0x00000000000e3d53      0xc75 Drivers/STM32WBxx_HAL_Driver/Src/stm32wbxx_hal_rcc_ex.o
                                      0xdad5b (size before relaxing)
 .debug_str     0x00000000000e49c8      0xe22 Drivers/STM32WBxx_HAL_Driver/Src/stm32wbxx_hal_tim.o
                                      0xdae02 (size before relaxing)
 .debug_str     0x00000000000e57ea      0x764 Drivers/STM32WBxx_HAL_Driver/Src/stm32wbxx_hal_tim_ex.o
                                      0xda826 (size before relaxing)
 .debug_str     0x00000000000e5f4e      0x94f Drivers/STM32WBxx_HAL_Driver/Src/stm32wbxx_hal_uart.o
                                      0xda9d6 (size before relaxing)
 .debug_str     0x00000000000e689d      0x2de Drivers/STM32WBxx_HAL_Driver/Src/stm32wbxx_hal_uart_ex.o
                                      0xda0f3 (size before relaxing)
 .debug_str     0x00000000000e6b7b      0x1ea Drivers/STM32WBxx_HAL_Driver/Src/stm32wbxx_ll_usb.o
                                      0xd9d15 (size before relaxing)

.comment        0x0000000000000000       0x53
 .comment       0x0000000000000000       0x53 Core/Src/lcd.o
                                         0x54 (size before relaxing)
 .comment       0x0000000000000053       0x54 Core/Src/main.o
 .comment       0x0000000000000053       0x54 Core/Src/mpu.o
 .comment       0x0000000000000053       0x54 Core/Src/ssd1306.o
 .comment       0x0000000000000053       0x54 Core/Src/ssd1306_fonts.o
 .comment       0x0000000000000053       0x54 Core/Src/ssd1306_tests.o
 .comment       0x0000000000000053       0x54 Core/Src/stm32wbxx_hal_msp.o
 .comment       0x0000000000000053       0x54 Core/Src/stm32wbxx_it.o
 .comment       0x0000000000000053       0x54 Core/Src/system_stm32wbxx.o
 .comment       0x0000000000000053       0x54 Drivers/STM32WBxx_HAL_Driver/Src/stm32wbxx_hal.o
 .comment       0x0000000000000053       0x54 Drivers/STM32WBxx_HAL_Driver/Src/stm32wbxx_hal_cortex.o
 .comment       0x0000000000000053       0x54 Drivers/STM32WBxx_HAL_Driver/Src/stm32wbxx_hal_gpio.o
 .comment       0x0000000000000053       0x54 Drivers/STM32WBxx_HAL_Driver/Src/stm32wbxx_hal_i2c.o
 .comment       0x0000000000000053       0x54 Drivers/STM32WBxx_HAL_Driver/Src/stm32wbxx_hal_i2c_ex.o
 .comment       0x0000000000000053       0x54 Drivers/STM32WBxx_HAL_Driver/Src/stm32wbxx_hal_pcd.o
 .comment       0x0000000000000053       0x54 Drivers/STM32WBxx_HAL_Driver/Src/stm32wbxx_hal_pcd_ex.o
 .comment       0x0000000000000053       0x54 Drivers/STM32WBxx_HAL_Driver/Src/stm32wbxx_hal_pwr.o
 .comment       0x0000000000000053       0x54 Drivers/STM32WBxx_HAL_Driver/Src/stm32wbxx_hal_pwr_ex.o
 .comment       0x0000000000000053       0x54 Drivers/STM32WBxx_HAL_Driver/Src/stm32wbxx_hal_rcc.o
 .comment       0x0000000000000053       0x54 Drivers/STM32WBxx_HAL_Driver/Src/stm32wbxx_hal_rcc_ex.o
 .comment       0x0000000000000053       0x54 Drivers/STM32WBxx_HAL_Driver/Src/stm32wbxx_hal_tim.o
 .comment       0x0000000000000053       0x54 Drivers/STM32WBxx_HAL_Driver/Src/stm32wbxx_hal_tim_ex.o
 .comment       0x0000000000000053       0x54 Drivers/STM32WBxx_HAL_Driver/Src/stm32wbxx_hal_uart.o
 .comment       0x0000000000000053       0x54 Drivers/STM32WBxx_HAL_Driver/Src/stm32wbxx_hal_uart_ex.o
 .comment       0x0000000000000053       0x54 Drivers/STM32WBxx_HAL_Driver/Src/stm32wbxx_ll_usb.o

.debug_frame    0x0000000000000000     0x82b8
 .debug_frame   0x0000000000000000      0x1ac Core/Src/lcd.o
 .debug_frame   0x00000000000001ac      0x230 Core/Src/main.o
 .debug_frame   0x00000000000003dc       0xd0 Core/Src/mpu.o
 .debug_frame   0x00000000000004ac      0x344 Core/Src/ssd1306.o
 .debug_frame   0x00000000000007f0      0x1a0 Core/Src/ssd1306_tests.o
 .debug_frame   0x0000000000000990      0x218 Core/Src/stm32wbxx_hal_msp.o
 .debug_frame   0x0000000000000ba8      0x120 Core/Src/stm32wbxx_it.o
 .debug_frame   0x0000000000000cc8       0x58 Core/Src/system_stm32wbxx.o
 .debug_frame   0x0000000000000d20      0xa34 Drivers/STM32WBxx_HAL_Driver/Src/stm32wbxx_hal.o
 .debug_frame   0x0000000000001754      0x44c Drivers/STM32WBxx_HAL_Driver/Src/stm32wbxx_hal_cortex.o
 .debug_frame   0x0000000000001ba0      0x14c Drivers/STM32WBxx_HAL_Driver/Src/stm32wbxx_hal_gpio.o
 .debug_frame   0x0000000000001cec      0xbe8 Drivers/STM32WBxx_HAL_Driver/Src/stm32wbxx_hal_i2c.o
 .debug_frame   0x00000000000028d4      0x100 Drivers/STM32WBxx_HAL_Driver/Src/stm32wbxx_hal_i2c_ex.o
 .debug_frame   0x00000000000029d4      0x554 Drivers/STM32WBxx_HAL_Driver/Src/stm32wbxx_hal_pcd.o
 .debug_frame   0x0000000000002f28      0x14c Drivers/STM32WBxx_HAL_Driver/Src/stm32wbxx_hal_pcd_ex.o
 .debug_frame   0x0000000000003074      0x344 Drivers/STM32WBxx_HAL_Driver/Src/stm32wbxx_hal_pwr.o
 .debug_frame   0x00000000000033b8      0xb00 Drivers/STM32WBxx_HAL_Driver/Src/stm32wbxx_hal_pwr_ex.o
 .debug_frame   0x0000000000003eb8      0xa88 Drivers/STM32WBxx_HAL_Driver/Src/stm32wbxx_hal_rcc.o
 .debug_frame   0x0000000000004940      0xf3c Drivers/STM32WBxx_HAL_Driver/Src/stm32wbxx_hal_rcc_ex.o
 .debug_frame   0x000000000000587c     0x121c Drivers/STM32WBxx_HAL_Driver/Src/stm32wbxx_hal_tim.o
 .debug_frame   0x0000000000006a98      0x6fc Drivers/STM32WBxx_HAL_Driver/Src/stm32wbxx_hal_tim_ex.o
 .debug_frame   0x0000000000007194      0xacc Drivers/STM32WBxx_HAL_Driver/Src/stm32wbxx_hal_uart.o
 .debug_frame   0x0000000000007c60      0x29c Drivers/STM32WBxx_HAL_Driver/Src/stm32wbxx_hal_uart_ex.o
 .debug_frame   0x0000000000007efc      0x310 Drivers/STM32WBxx_HAL_Driver/Src/stm32wbxx_ll_usb.o
 .debug_frame   0x000000000000820c       0x2c c:/st/stm32cubeide_1.6.0/stm32cubeide/plugins/com.st.stm32cube.ide.mcu.externaltools.gnu-tools-for-stm32.9-2020-q2-update.win32_1.5.0.202011040924/tools/bin/../lib/gcc/arm-none-eabi/9.3.1/../../../../arm-none-eabi/lib/thumb/v7e-m+fp/hard\libc_nano.a(lib_a-init.o)
 .debug_frame   0x0000000000008238       0x20 c:/st/stm32cubeide_1.6.0/stm32cubeide/plugins/com.st.stm32cube.ide.mcu.externaltools.gnu-tools-for-stm32.9-2020-q2-update.win32_1.5.0.202011040924/tools/bin/../lib/gcc/arm-none-eabi/9.3.1/../../../../arm-none-eabi/lib/thumb/v7e-m+fp/hard\libc_nano.a(lib_a-memset.o)
 .debug_frame   0x0000000000008258       0x2c c:/st/stm32cubeide_1.6.0/stm32cubeide/plugins/com.st.stm32cube.ide.mcu.externaltools.gnu-tools-for-stm32.9-2020-q2-update.win32_1.5.0.202011040924/tools/bin/../lib/gcc/arm-none-eabi/9.3.1/thumb/v7e-m+fp/hard\libgcc.a(_aeabi_uldivmod.o)
 .debug_frame   0x0000000000008284       0x34 c:/st/stm32cubeide_1.6.0/stm32cubeide/plugins/com.st.stm32cube.ide.mcu.externaltools.gnu-tools-for-stm32.9-2020-q2-update.win32_1.5.0.202011040924/tools/bin/../lib/gcc/arm-none-eabi/9.3.1/thumb/v7e-m+fp/hard\libgcc.a(_udivmoddi4.o)
