stm32wbxx_ll_rcc.h:1667:22:LL_RCC_LSE_SetDriveCapability	16	static
stm32wbxx_ll_bus.h:540:22:LL_AHB2_GRP1_EnableClock	24	static
main.c:103:6:levelReset	4	static
main.c:108:6:displayLevel	8	static
main.c:123:6:checkLevel	8	static
main.c:150:6:test	24	static
main.c:182:6:displayResultsOLED	56	static
main.c:209:6:calibrateMPU	104	static
main.c:250:5:main	8	static
main.c:322:6:SystemClock_Config	192	static
main.c:405:13:MX_I2C1_Init	8	static
main.c:451:13:MX_TIM1_Init	40	static
main.c:498:13:MX_USART1_UART_Init	8	static
main.c:546:13:MX_USB_PCD_Init	8	static
main.c:579:13:MX_GPIO_Init	32	static
main.c:621:6:Error_Handler	4	static,ignoring_inline_asm
