stm32wbxx_ll_rcc.h:1667:22:LL_RCC_LSE_SetDriveCapability	16	static
stm32wbxx_ll_bus.h:540:22:LL_AHB2_GRP1_EnableClock	24	static
main.c:100:6:checkLevel	8	static
main.c:127:6:displayResultsOLED	56	static
main.c:155:6:displayLevel	24	static
main.c:177:7:resultInDegrees	24	static
main.c:182:6:calibrateMPU	104	static
main.c:228:6:HAL_GPIO_EXTI_Callback	16	static
main.c:239:5:main	8	static
main.c:298:6:SystemClock_Config	192	static
main.c:381:13:MX_I2C1_Init	8	static
main.c:427:13:MX_TIM1_Init	40	static
main.c:474:13:MX_USART1_UART_Init	8	static
main.c:522:13:MX_USB_PCD_Init	8	static
main.c:555:13:MX_GPIO_Init	32	static
main.c:607:6:Error_Handler	4	static,ignoring_inline_asm
